<html>
<body>
<pre>
<h1>µVision Build Log</h1>
<h2>Tool Versions:</h2>
IDE-Version: ¦ÌVision V5.41.0.0
Copyright (C) 2024 ARM Ltd and ARM Germany GmbH. All rights reserved.
License Information: proudking Proud_King, proudking, LIC=D0D7S-LJBS7-FWT2N-Y50CZ-80HQR-23NXA
 
Tool Versions:
Toolchain:       MDK-ARM Plus  Version: 5.41.0.0
Toolchain Path:  C:\MySoftware\Keil5 MDK\MyKeil5\ARM\ARMCLANG\Bin
C Compiler:      ArmClang.exe V6.22
Assembler:       Armasm.exe V6.22
Linker/Locator:  ArmLink.exe V6.22
Library Manager: ArmAr.exe V6.22
Hex Converter:   FromElf.exe V6.22
CPU DLL:         SARMCM3.DLL V5.41.0.0
Dialog DLL:      DCM.DLL V1.17.5.0
Target DLL:      CMSIS_AGDI.dll V1.33.21.0
Dialog DLL:      TCM.DLL V1.56.4.0
 
<h2>Project:</h2>
C:\Myproject\Current_project\My_Banlance_Car\My_Banlance_Car\MDK-ARM\My_Banlance_Car.uvprojx
Project File Date:  07/03/2025

<h2>Output:</h2>
*** Using Compiler 'V6.22', folder: 'C:\MySoftware\Keil5 MDK\MyKeil5\ARM\ARMCLANG\Bin'
Build target 'My_Banlance_Car'
compiling Car.c...
linking...
Program Size: Code=21832 RO-data=540 RW-data=308 ZI-data=2260  
FromELF: creating hex file...
"My_Banlance_Car\My_Banlance_Car.axf" - 0 Error(s), 0 Warning(s).

<h2>Software Packages used:</h2>

Package Vendor: ARM
                https://www.keil.com/pack/ARM.CMSIS.6.1.0.pack
                ARM::CMSIS@6.1.0
                CMSIS (Common Microcontroller Software Interface Standard)
   * Component: CORE Version: 6.1.0

Package Vendor: Keil
                https://www.keil.com/pack/Keil.STM32F1xx_DFP.2.4.1.pack
                Keil::STM32F1xx_DFP@2.4.1
                STMicroelectronics STM32F1 Series Device Support, Drivers and Examples

<h2>Collection of Component include folders:</h2>
  ./RTE/_My_Banlance_Car
  C:/MySoftware/Keil5 MDK/MyKeil5/ARM/PACK/ARM/CMSIS/6.1.0/CMSIS/Core/Include
  C:/MySoftware/Keil5 MDK/MyKeil5/ARM/PACK/Keil/STM32F1xx_DFP/2.4.1/Device/Include

<h2>Collection of Component Files used:</h2>

   * Component: ARM::CMSIS:CORE@6.1.0
      Include file:  CMSIS/Core/Include/tz_context.h
Build Time Elapsed:  00:00:01
</pre>
</body>
</html>
