Component: Arm Compiler for Embedded 6.22 Tool: armlink [5ee90200]

==============================================================================

Section Cross References

    startup_stm32f103xe.o(RESET) refers to startup_stm32f103xe.o(STACK) for __initial_sp
    startup_stm32f103xe.o(RESET) refers to startup_stm32f103xe.o(.text) for Reset_Handler
    startup_stm32f103xe.o(RESET) refers to stm32f1xx_it.o(.text.NMI_Handler) for NMI_Handler
    startup_stm32f103xe.o(RESET) refers to stm32f1xx_it.o(.text.HardFault_Handler) for HardFault_Handler
    startup_stm32f103xe.o(RESET) refers to stm32f1xx_it.o(.text.MemManage_Handler) for MemManage_Handler
    startup_stm32f103xe.o(RESET) refers to stm32f1xx_it.o(.text.BusFault_Handler) for BusFault_Handler
    startup_stm32f103xe.o(RESET) refers to stm32f1xx_it.o(.text.UsageFault_Handler) for UsageFault_Handler
    startup_stm32f103xe.o(RESET) refers to stm32f1xx_it.o(.text.SVC_Handler) for SVC_Handler
    startup_stm32f103xe.o(RESET) refers to stm32f1xx_it.o(.text.DebugMon_Handler) for DebugMon_Handler
    startup_stm32f103xe.o(RESET) refers to stm32f1xx_it.o(.text.PendSV_Handler) for PendSV_Handler
    startup_stm32f103xe.o(RESET) refers to stm32f1xx_it.o(.text.SysTick_Handler) for SysTick_Handler
    startup_stm32f103xe.o(RESET) refers to stm32f1xx_it.o(.text.EXTI15_10_IRQHandler) for EXTI15_10_IRQHandler
    startup_stm32f103xe.o(RESET) refers to stm32f1xx_it.o(.text.TIM7_IRQHandler) for TIM7_IRQHandler
    startup_stm32f103xe.o(.text) refers to system_stm32f1xx.o(.text.SystemInit) for SystemInit
    startup_stm32f103xe.o(.text) refers to entry.o(.ARM.Collect$$$$00000000) for __main
    main.o(.text.main) refers to stm32f1xx_hal.o(.text.HAL_Init) for HAL_Init
    main.o(.text.main) refers to stm32f1xx_hal_rcc.o(.text.HAL_RCC_OscConfig) for HAL_RCC_OscConfig
    main.o(.text.main) refers to stm32f1xx_hal_rcc.o(.text.HAL_RCC_ClockConfig) for HAL_RCC_ClockConfig
    main.o(.text.main) refers to gpio.o(.text.MX_GPIO_Init) for MX_GPIO_Init
    main.o(.text.main) refers to usart.o(.text.MX_USART2_UART_Init) for MX_USART2_UART_Init
    main.o(.text.main) refers to i2c.o(.text.MX_I2C2_Init) for MX_I2C2_Init
    main.o(.text.main) refers to tim.o(.text.MX_TIM3_Init) for MX_TIM3_Init
    main.o(.text.main) refers to tim.o(.text.MX_TIM4_Init) for MX_TIM4_Init
    main.o(.text.main) refers to tim.o(.text.MX_TIM7_Init) for MX_TIM7_Init
    main.o(.text.main) refers to tim.o(.text.MX_TIM8_Init) for MX_TIM8_Init
    main.o(.text.main) refers to tim.o(.text.MX_TIM6_Init) for MX_TIM6_Init
    main.o(.text.main) refers to mask.o(.text.Mask_start) for Mask_start
    main.o(.ARM.exidx.text.main) refers to main.o(.text.main) for [Anonymous Symbol]
    main.o(.text.SystemClock_Config) refers to stm32f1xx_hal_rcc.o(.text.HAL_RCC_OscConfig) for HAL_RCC_OscConfig
    main.o(.text.SystemClock_Config) refers to stm32f1xx_hal_rcc.o(.text.HAL_RCC_ClockConfig) for HAL_RCC_ClockConfig
    main.o(.ARM.exidx.text.SystemClock_Config) refers to main.o(.text.SystemClock_Config) for [Anonymous Symbol]
    main.o(.ARM.exidx.text.Error_Handler) refers to main.o(.text.Error_Handler) for [Anonymous Symbol]
    gpio.o(.text.MX_GPIO_Init) refers to stm32f1xx_hal_gpio.o(.text.HAL_GPIO_Init) for HAL_GPIO_Init
    gpio.o(.text.MX_GPIO_Init) refers to stm32f1xx_hal_cortex.o(.text.HAL_NVIC_SetPriority) for HAL_NVIC_SetPriority
    gpio.o(.text.MX_GPIO_Init) refers to stm32f1xx_hal_cortex.o(.text.HAL_NVIC_EnableIRQ) for HAL_NVIC_EnableIRQ
    gpio.o(.ARM.exidx.text.MX_GPIO_Init) refers to gpio.o(.text.MX_GPIO_Init) for [Anonymous Symbol]
    i2c.o(.text.MX_I2C2_Init) refers to i2c.o(.bss.hi2c2) for hi2c2
    i2c.o(.text.MX_I2C2_Init) refers to stm32f1xx_hal_i2c.o(.text.HAL_I2C_Init) for HAL_I2C_Init
    i2c.o(.text.MX_I2C2_Init) refers to main.o(.text.Error_Handler) for Error_Handler
    i2c.o(.ARM.exidx.text.MX_I2C2_Init) refers to i2c.o(.text.MX_I2C2_Init) for [Anonymous Symbol]
    i2c.o(.text.HAL_I2C_MspInit) refers to stm32f1xx_hal_gpio.o(.text.HAL_GPIO_Init) for HAL_GPIO_Init
    i2c.o(.ARM.exidx.text.HAL_I2C_MspInit) refers to i2c.o(.text.HAL_I2C_MspInit) for [Anonymous Symbol]
    i2c.o(.text.HAL_I2C_MspDeInit) refers to stm32f1xx_hal_gpio.o(.text.HAL_GPIO_DeInit) for HAL_GPIO_DeInit
    i2c.o(.ARM.exidx.text.HAL_I2C_MspDeInit) refers to i2c.o(.text.HAL_I2C_MspDeInit) for [Anonymous Symbol]
    tim.o(.text.MX_TIM3_Init) refers to tim.o(.bss.htim3) for htim3
    tim.o(.text.MX_TIM3_Init) refers to stm32f1xx_hal_tim.o(.text.HAL_TIM_Encoder_Init) for HAL_TIM_Encoder_Init
    tim.o(.text.MX_TIM3_Init) refers to main.o(.text.Error_Handler) for Error_Handler
    tim.o(.text.MX_TIM3_Init) refers to stm32f1xx_hal_tim_ex.o(.text.HAL_TIMEx_MasterConfigSynchronization) for HAL_TIMEx_MasterConfigSynchronization
    tim.o(.ARM.exidx.text.MX_TIM3_Init) refers to tim.o(.text.MX_TIM3_Init) for [Anonymous Symbol]
    tim.o(.text.MX_TIM4_Init) refers to tim.o(.bss.htim4) for htim4
[...]
    ../fplib/microlib/fpcmp.c                0x00000000   Number         0  fcmpgt.o ABSOLUTE
    ../fplib/microlib/fpcmp.c                0x00000000   Number         0  dcmple.o ABSOLUTE
    ../fplib/microlib/fpcmp.c                0x00000000   Number         0  dcmplt.o ABSOLUTE
    ../fplib/microlib/fpcmp.c                0x00000000   Number         0  dcmpgt.o ABSOLUTE
    ../fplib/microlib/fpdiv.c                0x00000000   Number         0  fdiv.o ABSOLUTE
    ../fplib/microlib/fpdiv.c                0x00000000   Number         0  ddiv.o ABSOLUTE
    ../fplib/microlib/fpepilogue.c           0x00000000   Number         0  fepilogue.o ABSOLUTE
    ../fplib/microlib/fpepilogue.c           0x00000000   Number         0  depilogue.o ABSOLUTE
    ../fplib/microlib/fpfix.c                0x00000000   Number         0  dfixi.o ABSOLUTE
    ../fplib/microlib/fpfix.c                0x00000000   Number         0  dfixul.o ABSOLUTE
    ../fplib/microlib/fpflt.c                0x00000000   Number         0  fflti.o ABSOLUTE
    ../fplib/microlib/fpflt.c                0x00000000   Number         0  dflti.o ABSOLUTE
    ../fplib/microlib/fpflt.c                0x00000000   Number         0  dfltui.o ABSOLUTE
    ../fplib/microlib/fpmul.c                0x00000000   Number         0  fmul.o ABSOLUTE
    ../fplib/microlib/fpmul.c                0x00000000   Number         0  dmul.o ABSOLUTE
    ../fplib/microlib/fpscalb.c              0x00000000   Number         0  dscalb.o ABSOLUTE
    ../fplib/microlib/fpsqrt.c               0x00000000   Number         0  dsqrt.o ABSOLUTE
    ../mathlib/atan.c                        0x00000000   Number         0  atan.o ABSOLUTE
    ../mathlib/atan2.c                       0x00000000   Number         0  atan2.o ABSOLUTE
    ../mathlib/dunder.c                      0x00000000   Number         0  dunder.o ABSOLUTE
    ../mathlib/fpclassify.c                  0x00000000   Number         0  fpclassify.o ABSOLUTE
    ../mathlib/poly.c                        0x00000000   Number         0  poly.o ABSOLUTE
    ../mathlib/qnan.c                        0x00000000   Number         0  qnan.o ABSOLUTE
    ../mathlib/sqrt.c                        0x00000000   Number         0  sqrt.o ABSOLUTE
    Car.c                                    0x00000000   Number         0  car.o ABSOLUTE
    Driver.c                                 0x00000000   Number         0  driver.o ABSOLUTE
    Driver_Encoder.c                         0x00000000   Number         0  driver_encoder.o ABSOLUTE
    Driver_config.c                          0x00000000   Number         0  driver_config.o ABSOLUTE
    Driver_pwm.c                             0x00000000   Number         0  driver_pwm.o ABSOLUTE
    Mask.c                                   0x00000000   Number         0  mask.o ABSOLUTE
    cdcmple.s                                0x00000000   Number         0  cdcmple.o ABSOLUTE
    cdrcmple.s                               0x00000000   Number         0  cdrcmple.o ABSOLUTE
    dc.s                                     0x00000000   Number         0  dc.o ABSOLUTE
    encoder.c                                0x00000000   Number         0  encoder.o ABSOLUTE
    gpio.c                                   0x00000000   Number         0  gpio.o ABSOLUTE
    gpio_it.c                                0x00000000   Number         0  gpio_it.o ABSOLUTE
    handlers.s                               0x00000000   Number         0  handlers.o ABSOLUTE
    i2c.c                                    0x00000000   Number         0  i2c.o ABSOLUTE
    iic.c                                    0x00000000   Number         0  iic.o ABSOLUTE
    init.s                                   0x00000000   Number         0  init.o ABSOLUTE
    main.c                                   0x00000000   Number         0  main.o ABSOLUTE
    mpu6050.c                                0x00000000   Number         0  mpu6050.o ABSOLUTE
    mpu6050_config.c                         0x00000000   Number         0  mpu6050_config.o ABSOLUTE
    mpu6050_iic.c                            0x00000000   Number         0  mpu6050_iic.o ABSOLUTE
    my_delay.c                               0x00000000   Number         0  my_delay.o ABSOLUTE
    pid.c                                    0x00000000   Number         0  pid.o ABSOLUTE
    pwm.c                                    0x00000000   Number         0  pwm.o ABSOLUTE
    serial.c                                 0x00000000   Number         0  serial.o ABSOLUTE
    startup_stm32f103xe.s                    0x00000000   Number         0  startup_stm32f103xe.o ABSOLUTE
    stm32f1xx_hal.c                          0x00000000   Number         0  stm32f1xx_hal.o ABSOLUTE
    stm32f1xx_hal_cortex.c                   0x00000000   Number         0  stm32f1xx_hal_cortex.o ABSOLUTE
    stm32f1xx_hal_dma.c                      0x00000000   Number         0  stm32f1xx_hal_dma.o ABSOLUTE
    stm32f1xx_hal_exti.c                     0x00000000   Number         0  stm32f1xx_hal_exti.o ABSOLUTE
    stm32f1xx_hal_flash.c                    0x00000000   Number         0  stm32f1xx_hal_flash.o ABSOLUTE
    stm32f1xx_hal_flash_ex.c                 0x00000000   Number         0  stm32f1xx_hal_flash_ex.o ABSOLUTE
    stm32f1xx_hal_gpio.c                     0x00000000   Number         0  stm32f1xx_hal_gpio.o ABSOLUTE
    stm32f1xx_hal_gpio_ex.c                  0x00000000   Number         0  stm32f1xx_hal_gpio_ex.o ABSOLUTE
    stm32f1xx_hal_i2c.c                      0x00000000   Number         0  stm32f1xx_hal_i2c.o ABSOLUTE
    stm32f1xx_hal_msp.c                      0x00000000   Number         0  stm32f1xx_hal_msp.o ABSOLUTE
    stm32f1xx_hal_pwr.c                      0x00000000   Number         0  stm32f1xx_hal_pwr.o ABSOLUTE
    stm32f1xx_hal_rcc.c                      0x00000000   Number         0  stm32f1xx_hal_rcc.o ABSOLUTE
    stm32f1xx_hal_rcc_ex.c                   0x00000000   Number         0  stm32f1xx_hal_rcc_ex.o ABSOLUTE
    stm32f1xx_hal_tim.c                      0x00000000   Number         0  stm32f1xx_hal_tim.o ABSOLUTE
    stm32f1xx_hal_tim_ex.c                   0x00000000   Number         0  stm32f1xx_hal_tim_ex.o ABSOLUTE
    stm32f1xx_hal_uart.c                     0x00000000   Number         0  stm32f1xx_hal_uart.o ABSOLUTE
    stm32f1xx_it.c                           0x00000000   Number         0  stm32f1xx_it.o ABSOLUTE
    system_stm32f1xx.c                       0x00000000   Number         0  system_stm32f1xx.o ABSOLUTE
    tim.c                                    0x00000000   Number         0  tim.o ABSOLUTE
    tim_it.c                                 0x00000000   Number         0  tim_it.o ABSOLUTE
    usart.c                                  0x00000000   Number         0  usart.o ABSOLUTE
    RESET                                    0x08000000   Section      304  startup_stm32f103xe.o(RESET)
    .ARM.Collect$$$$00000000                 0x08000130   Section        0  entry.o(.ARM.Collect$$$$00000000)
    .ARM.Collect$$$$00000001                 0x08000130   Section        4  entry2.o(.ARM.Collect$$$$00000001)
    .ARM.Collect$$$$00000004                 0x08000134   Section        4  entry5.o(.ARM.Collect$$$$00000004)
    .ARM.Collect$$$$00000008                 0x08000138   Section        0  entry7b.o(.ARM.Collect$$$$00000008)
    .ARM.Collect$$$$0000000A                 0x08000138   Section        0  entry8b.o(.ARM.Collect$$$$0000000A)
    .ARM.Collect$$$$0000000B                 0x08000138   Section        8  entry9a.o(.ARM.Collect$$$$0000000B)
    __lit__00000000                          0x08000140   Data           4  entry2.o(.ARM.Collect$$$$00002712)
    .ARM.Collect$$$$0000000D                 0x08000140   Section        0  entry10a.o(.ARM.Collect$$$$0000000D)
    .ARM.Collect$$$$0000000F                 0x08000140   Section        0  entry11a.o(.ARM.Collect$$$$0000000F)
    .ARM.Collect$$$$00002712                 0x08000140   Section        4  entry2.o(.ARM.Collect$$$$00002712)
    .text                                    0x08000144   Section       36  startup_stm32f103xe.o(.text)
    .text                                    0x08000168   Section        0  memcpya.o(.text)
    .text                                    0x0800018c   Section        0  strlen.o(.text)
    .text                                    0x0800019a   Section        0  fadd.o(.text)
    .text                                    0x0800024a   Section        0  fmul.o(.text)
    .text                                    0x080002ae   Section        0  fdiv.o(.text)
    .text                                    0x0800032a   Section        0  dadd.o(.text)
    .text                                    0x08000478   Section        0  dmul.o(.text)
    .text                                    0x0800055c   Section        0  ddiv.o(.text)
    .text                                    0x0800063a   Section        0  fcmple.o(.text)
    .text                                    0x08000656   Section        0  fcmplt.o(.text)
    .text                                    0x08000672   Section        0  fcmpge.o(.text)
    .text                                    0x0800068e   Section        0  fcmpgt.o(.text)
    .text                                    0x080006aa   Section        0  dcmple.o(.text)
    .text                                    0x080006e0   Section        0  dcmplt.o(.text)
    .text                                    0x08000716   Section        0  dcmpgt.o(.text)
    .text                                    0x0800074c   Section        0  fflti.o(.text)
    .text                                    0x0800075e   Section        0  dflti.o(.text)
    .text                                    0x08000780   Section        0  dfltui.o(.text)
    .text                                    0x0800079a   Section        0  dfixi.o(.text)
    .text                                    0x080007d8   Section        0  f2d.o(.text)
    .text                                    0x080007fe   Section        0  d2f.o(.text)
    .text                                    0x08000836   Section        0  uidiv.o(.text)
    .text                                    0x08000862   Section        0  uldiv.o(.text)
    .text                                    0x080008c4   Section        0  llshl.o(.text)
    .text                                    0x080008e2   Section        0  llushr.o(.text)
    .text                                    0x08000902   Section        0  llsshr.o(.text)
    .text                                    0x08000926   Section        0  iusefp.o(.text)
    .text                                    0x08000926   Section        0  fepilogue.o(.text)
    .text                                    0x08000994   Section        0  depilogue.o(.text)
    .text                                    0x08000a4e   Section        0  dscalb.o(.text)
    .text                                    0x08000a7c   Section        0  dsqrt.o(.text)
    .text                                    0x08000b1e   Section        0  dfixul.o(.text)
    .text                                    0x08000b50   Section       48  cdcmple.o(.text)
    .text                                    0x08000b80   Section       48  cdrcmple.o(.text)
    .text                                    0x08000bb0   Section       48  init.o(.text)
    .text                                    0x08000be0   Section        0  __dczerorl.o(.text)
    [Anonymous Symbol]                       0x08000c1c   Section        0  stm32f1xx_it.o(.text.BusFault_Handler)
    [Anonymous Symbol]                       0x08000c20   Section        0  car.o(.text.Car_balance)
    [Anonymous Symbol]                       0x08000db0   Section        0  car.o(.text.Car_setBalanceAngle)
    [Anonymous Symbol]                       0x08000db8   Section        0  car.o(.text.Car_setBalancePID)
    [Anonymous Symbol]                       0x08000dd4   Section        0  car.o(.text.Car_setSpeedPID)
    [Anonymous Symbol]                       0x08000df0   Section        0  stm32f1xx_it.o(.text.DebugMon_Handler)
    [Anonymous Symbol]                       0x08000df4   Section        0  driver_encoder.o(.text.DriverEncoder_getcounter)
    [Anonymous Symbol]                       0x08000e08   Section        0  driver_encoder.o(.text.DriverEncoder_start)
    [Anonymous Symbol]                       0x08000e10   Section        0  driver_pwm.o(.text.DriverPwm_start)
    [Anonymous Symbol]                       0x08000e2c   Section        0  driver.o(.text.Driver_creatmotor)
    [Anonymous Symbol]                       0x08000e7c   Section        0  driver.o(.text.Driver_getmotor_currentspeed)
    [Anonymous Symbol]                       0x08000ea0   Section        0  driver.o(.text.Driver_init)
    [Anonymous Symbol]                       0x08000ed0   Section        0  driver.o(.text.Driver_setmotorpwm)
    [Anonymous Symbol]                       0x08000f14   Section        0  driver_pwm.o(.text.Driver_setpwm)
    [Anonymous Symbol]                       0x08000f98   Section        0  stm32f1xx_it.o(.text.EXTI15_10_IRQHandler)
    [Anonymous Symbol]                       0x08000fa0   Section        0  main.o(.text.Error_Handler)
    [Anonymous Symbol]                       0x08000fac   Section        0  gpio_it.o(.text.HAL_GPIO_EXTI_Callback)
    [Anonymous Symbol]                       0x08000fc8   Section        0  stm32f1xx_hal_gpio.o(.text.HAL_GPIO_EXTI_IRQHandler)
    [Anonymous Symbol]                       0x08000fe0   Section        0  stm32f1xx_hal_gpio.o(.text.HAL_GPIO_Init)
    [Anonymous Symbol]                       0x080011c8   Section        0  stm32f1xx_hal.o(.text.HAL_GetTick)
    [Anonymous Symbol]                       0x080011d4   Section        0  stm32f1xx_hal_i2c.o(.text.HAL_I2C_Init)
    [Anonymous Symbol]                       0x08001338   Section        0  stm32f1xx_hal_i2c.o(.text.HAL_I2C_Mem_Read)
    [Anonymous Symbol]                       0x08001688   Section        0  stm32f1xx_hal_i2c.o(.text.HAL_I2C_Mem_Write)
    [Anonymous Symbol]                       0x080017e4   Section        0  i2c.o(.text.HAL_I2C_MspInit)
    [Anonymous Symbol]                       0x08001850   Section        0  stm32f1xx_hal.o(.text.HAL_IncTick)
    [Anonymous Symbol]                       0x0800186c   Section        0  stm32f1xx_hal.o(.text.HAL_Init)
    [Anonymous Symbol]                       0x08001894   Section        0  stm32f1xx_hal.o(.text.HAL_InitTick)
    [Anonymous Symbol]                       0x080018dc   Section        0  stm32f1xx_hal_msp.o(.text.HAL_MspInit)
    [Anonymous Symbol]                       0x08001920   Section        0  stm32f1xx_hal_cortex.o(.text.HAL_NVIC_EnableIRQ)
    [Anonymous Symbol]                       0x08001944   Section        0  stm32f1xx_hal_cortex.o(.text.HAL_NVIC_SetPriority)
    [Anonymous Symbol]                       0x0800199c   Section        0  stm32f1xx_hal_cortex.o(.text.HAL_NVIC_SetPriorityGrouping)
    [Anonymous Symbol]                       0x080019bc   Section        0  stm32f1xx_hal_rcc.o(.text.HAL_RCC_ClockConfig)
    [Anonymous Symbol]                       0x08001b78   Section        0  stm32f1xx_hal_rcc.o(.text.HAL_RCC_GetPCLK1Freq)
    [Anonymous Symbol]                       0x08001ba0   Section        0  stm32f1xx_hal_rcc.o(.text.HAL_RCC_GetPCLK2Freq)
    [Anonymous Symbol]                       0x08001bc8   Section        0  stm32f1xx_hal_rcc.o(.text.HAL_RCC_OscConfig)
    [Anonymous Symbol]                       0x08001fc8   Section        0  stm32f1xx_hal_cortex.o(.text.HAL_SYSTICK_Config)
    [Anonymous Symbol]                       0x08001ff4   Section        0  stm32f1xx_hal_tim_ex.o(.text.HAL_TIMEx_BreakCallback)
    [Anonymous Symbol]                       0x08001ff8   Section        0  stm32f1xx_hal_tim_ex.o(.text.HAL_TIMEx_CommutCallback)
    [Anonymous Symbol]                       0x08001ffc   Section        0  stm32f1xx_hal_tim_ex.o(.text.HAL_TIMEx_ConfigBreakDeadTime)
    [Anonymous Symbol]                       0x08002048   Section        0  stm32f1xx_hal_tim_ex.o(.text.HAL_TIMEx_MasterConfigSynchronization)
    [Anonymous Symbol]                       0x080020e0   Section        0  stm32f1xx_hal_tim.o(.text.HAL_TIM_Base_Init)
    [Anonymous Symbol]                       0x0800213c   Section        0  tim.o(.text.HAL_TIM_Base_MspInit)
    [Anonymous Symbol]                       0x080021d8   Section        0  stm32f1xx_hal_tim.o(.text.HAL_TIM_Base_Start)
    [Anonymous Symbol]                       0x08002258   Section        0  stm32f1xx_hal_tim.o(.text.HAL_TIM_Base_Stop)
    [Anonymous Symbol]                       0x0800228c   Section        0  stm32f1xx_hal_tim.o(.text.HAL_TIM_ConfigClockSource)
    [Anonymous Symbol]                       0x0800242c   Section        0  stm32f1xx_hal_tim.o(.text.HAL_TIM_Encoder_Init)
    [Anonymous Symbol]                       0x080024e0   Section        0  tim.o(.text.HAL_TIM_Encoder_MspInit)
    [Anonymous Symbol]                       0x0800258c   Section        0  stm32f1xx_hal_tim.o(.text.HAL_TIM_Encoder_Start)
    [Anonymous Symbol]                       0x08002648   Section        0  stm32f1xx_hal_tim.o(.text.HAL_TIM_IC_CaptureCallback)
    [Anonymous Symbol]                       0x0800264c   Section        0  stm32f1xx_hal_tim.o(.text.HAL_TIM_IRQHandler)
    [Anonymous Symbol]                       0x0800279c   Section        0  stm32f1xx_hal_tim.o(.text.HAL_TIM_OC_DelayElapsedCallback)
    [Anonymous Symbol]                       0x080027a0   Section        0  stm32f1xx_hal_tim.o(.text.HAL_TIM_PWM_ConfigChannel)
    [Anonymous Symbol]                       0x080029fc   Section        0  stm32f1xx_hal_tim.o(.text.HAL_TIM_PWM_Init)
    [Anonymous Symbol]                       0x08002a58   Section        0  stm32f1xx_hal_tim.o(.text.HAL_TIM_PWM_MspInit)
    [Anonymous Symbol]                       0x08002a5c   Section        0  stm32f1xx_hal_tim.o(.text.HAL_TIM_PWM_PulseFinishedCallback)
    [Anonymous Symbol]                       0x08002a60   Section        0  stm32f1xx_hal_tim.o(.text.HAL_TIM_PWM_Start)
    [Anonymous Symbol]                       0x08002b40   Section        0  tim_it.o(.text.HAL_TIM_PeriodElapsedCallback)
    [Anonymous Symbol]                       0x08002b64   Section        0  stm32f1xx_hal_tim.o(.text.HAL_TIM_TriggerCallback)
    [Anonymous Symbol]                       0x08002b68   Section        0  stm32f1xx_hal_uart.o(.text.HAL_UART_Init)
    [Anonymous Symbol]                       0x08002c4c   Section        0  usart.o(.text.HAL_UART_MspInit)
    [Anonymous Symbol]                       0x08002cc8   Section        0  stm32f1xx_hal_uart.o(.text.HAL_UART_Transmit)
    [Anonymous Symbol]                       0x08002e5c   Section        0  stm32f1xx_it.o(.text.HardFault_Handler)
    I2C_RequestMemoryRead                    0x08002e61   Thumb Code   274  stm32f1xx_hal_i2c.o(.text.I2C_RequestMemoryRead)
    [Anonymous Symbol]                       0x08002e60   Section        0  stm32f1xx_hal_i2c.o(.text.I2C_RequestMemoryRead)
    I2C_RequestMemoryWrite                   0x08002f75   Thumb Code   200  stm32f1xx_hal_i2c.o(.text.I2C_RequestMemoryWrite)
    [Anonymous Symbol]                       0x08002f74   Section        0  stm32f1xx_hal_i2c.o(.text.I2C_RequestMemoryWrite)
    I2C_WaitOnBTFFlagUntilTimeout            0x0800303d   Thumb Code   186  stm32f1xx_hal_i2c.o(.text.I2C_WaitOnBTFFlagUntilTimeout)
    [Anonymous Symbol]                       0x0800303c   Section        0  stm32f1xx_hal_i2c.o(.text.I2C_WaitOnBTFFlagUntilTimeout)
    I2C_WaitOnFlagUntilTimeout               0x080030f9   Thumb Code   458  stm32f1xx_hal_i2c.o(.text.I2C_WaitOnFlagUntilTimeout)
    [Anonymous Symbol]                       0x080030f8   Section        0  stm32f1xx_hal_i2c.o(.text.I2C_WaitOnFlagUntilTimeout)
    I2C_WaitOnMasterAddressFlagUntilTimeout  0x080032c5   Thumb Code   214  stm32f1xx_hal_i2c.o(.text.I2C_WaitOnMasterAddressFlagUntilTimeout)
    [Anonymous Symbol]                       0x080032c4   Section        0  stm32f1xx_hal_i2c.o(.text.I2C_WaitOnMasterAddressFlagUntilTimeout)
    I2C_WaitOnRXNEFlagUntilTimeout           0x0800339d   Thumb Code   144  stm32f1xx_hal_i2c.o(.text.I2C_WaitOnRXNEFlagUntilTimeout)
    [Anonymous Symbol]                       0x0800339c   Section        0  stm32f1xx_hal_i2c.o(.text.I2C_WaitOnRXNEFlagUntilTimeout)
    I2C_WaitOnTXEFlagUntilTimeout            0x0800342d   Thumb Code   186  stm32f1xx_hal_i2c.o(.text.I2C_WaitOnTXEFlagUntilTimeout)
    [Anonymous Symbol]                       0x0800342c   Section        0  stm32f1xx_hal_i2c.o(.text.I2C_WaitOnTXEFlagUntilTimeout)
    [Anonymous Symbol]                       0x080034e8   Section        0  gpio.o(.text.MX_GPIO_Init)
    [Anonymous Symbol]                       0x0800357c   Section        0  i2c.o(.text.MX_I2C2_Init)
    [Anonymous Symbol]                       0x080035c0   Section        0  tim.o(.text.MX_TIM3_Init)
    [Anonymous Symbol]                       0x08003628   Section        0  tim.o(.text.MX_TIM4_Init)
    [Anonymous Symbol]                       0x08003690   Section        0  tim.o(.text.MX_TIM6_Init)
    [Anonymous Symbol]                       0x080036e0   Section        0  tim.o(.text.MX_TIM7_Init)
    [Anonymous Symbol]                       0x08003730   Section        0  tim.o(.text.MX_TIM8_Init)
    [Anonymous Symbol]                       0x080038bc   Section        0  usart.o(.text.MX_USART2_UART_Init)
    Mask_EXTIcallback                        0x080038f9   Thumb Code    50  mask.o(.text.Mask_EXTIcallback)
    [Anonymous Symbol]                       0x080038f8   Section        0  mask.o(.text.Mask_EXTIcallback)
    [Anonymous Symbol]                       0x0800392c   Section        0  mask.o(.text.Mask_start)
    [Anonymous Symbol]                       0x08003cf0   Section        0  stm32f1xx_it.o(.text.MemManage_Handler)
    [Anonymous Symbol]                       0x08003cf4   Section        0  mpu6050.o(.text.Mpu_clearinterrupt)
    Mpu_convert_raw_to_data                  0x08003d21   Thumb Code   132  mpu6050.o(.text.Mpu_convert_raw_to_data)
    [Anonymous Symbol]                       0x08003d20   Section        0  mpu6050.o(.text.Mpu_convert_raw_to_data)
    [Anonymous Symbol]                       0x08003da4   Section        0  mpu6050.o(.text.Mpu_creat)
    [Anonymous Symbol]                       0x08003df8   Section        0  mpu6050.o(.text.Mpu_getKalmandata)
    [Anonymous Symbol]                       0x080041f8   Section        0  mpu6050.o(.text.Mpu_init)
    [Anonymous Symbol]                       0x080042f0   Section        0  stm32f1xx_it.o(.text.NMI_Handler)
    [Anonymous Symbol]                       0x080042f4   Section        0  stm32f1xx_it.o(.text.PendSV_Handler)
    [Anonymous Symbol]                       0x080042f8   Section        0  stm32f1xx_it.o(.text.SVC_Handler)
    [Anonymous Symbol]                       0x080042fc   Section        0  stm32f1xx_it.o(.text.SysTick_Handler)
    [Anonymous Symbol]                       0x08004300   Section        0  system_stm32f1xx.o(.text.SystemInit)
    [Anonymous Symbol]                       0x08004304   Section        0  stm32f1xx_it.o(.text.TIM7_IRQHandler)
    [Anonymous Symbol]                       0x08004310   Section        0  stm32f1xx_hal_tim.o(.text.TIM_Base_SetConfig)
    [Anonymous Symbol]                       0x080043f0   Section        0  stm32f1xx_it.o(.text.UsageFault_Handler)
    [Anonymous Symbol]                       0x080043f4   Section        0  my_delay.o(.text.delay_ms)
    [Anonymous Symbol]                       0x0800445c   Section        0  encoder.o(.text.encoder_getcounter)
    [Anonymous Symbol]                       0x08004468   Section        0  encoder.o(.text.encoder_init)
    [Anonymous Symbol]                       0x08004470   Section        0  gpio_it.o(.text.exti_register_callback)
    [Anonymous Symbol]                       0x08004484   Section        0  iic.o(.text.iic_mem_read8Bit)
    [Anonymous Symbol]                       0x080044a4   Section        0  iic.o(.text.iic_mem_write8Bit)
    [Anonymous Symbol]                       0x080044c4   Section        0  main.o(.text.main)
    [Anonymous Symbol]                       0x0800454c   Section        0  mpu6050_iic.o(.text.mpu_iicgetdata)
    [Anonymous Symbol]                       0x08004568   Section        0  mpu6050_iic.o(.text.mpu_iicsend)
    [Anonymous Symbol]                       0x08004584   Section        0  pid.o(.text.pidmemory_clear)
    [Anonymous Symbol]                       0x08004598   Section        0  pid.o(.text.positionPid_Cal)
    [Anonymous Symbol]                       0x080046c8   Section        0  pid.o(.text.position_divAPI_PID_Cal)
    [Anonymous Symbol]                       0x080047c8   Section        0  pwm.o(.text.pwm_init)
    [Anonymous Symbol]                       0x080047cc   Section        0  pwm.o(.text.pwm_set)
    [Anonymous Symbol]                       0x080047f0   Section        0  serial.o(.text.usart_printf)
    [Anonymous Symbol]                       0x08004834   Section        0  pid.o(.text.xianfu)
    i.__0vsprintf                            0x08004874   Section        0  printfa.o(i.__0vsprintf)
    i.__ARM_fpclassify                       0x08004898   Section        0  fpclassify.o(i.__ARM_fpclassify)
    i.__kernel_poly                          0x080048c0   Section        0  poly.o(i.__kernel_poly)
    i.__mathlib_dbl_infnan                   0x0800496a   Section        0  dunder.o(i.__mathlib_dbl_infnan)
    i.__mathlib_dbl_infnan2                  0x08004970   Section        0  dunder.o(i.__mathlib_dbl_infnan2)
    i.__mathlib_dbl_underflow                0x08004974   Section        0  dunder.o(i.__mathlib_dbl_underflow)
    i.__scatterload_copy                     0x08004984   Section       14  handlers.o(i.__scatterload_copy)
    i.__scatterload_null                     0x08004992   Section        2  handlers.o(i.__scatterload_null)
    i.__scatterload_zeroinit                 0x08004994   Section       14  handlers.o(i.__scatterload_zeroinit)
    i.__set_errno                            0x080049a4   Section        0  errno.o(i.__set_errno)
    _fp_digits                               0x080049b1   Thumb Code   366  printfa.o(i._fp_digits)
    i._fp_digits                             0x080049b0   Section        0  printfa.o(i._fp_digits)
    _printf_core                             0x08004b35   Thumb Code  1744  printfa.o(i._printf_core)
    i._printf_core                           0x08004b34   Section        0  printfa.o(i._printf_core)
    _printf_post_padding                     0x08005211   Thumb Code    36  printfa.o(i._printf_post_padding)
    i._printf_post_padding                   0x08005210   Section        0  printfa.o(i._printf_post_padding)
    _printf_pre_padding                      0x08005235   Thumb Code    46  printfa.o(i._printf_pre_padding)
    i._printf_pre_padding                    0x08005234   Section        0  printfa.o(i._printf_pre_padding)
    _sputc                                   0x08005263   Thumb Code    10  printfa.o(i._sputc)
    i._sputc                                 0x08005262   Section        0  printfa.o(i._sputc)
    i.atan                                   0x0800526c   Section        0  atan.o(i.atan)
    i.atan2                                  0x0800548c   Section        0  atan2.o(i.atan2)
    i.sqrt                                   0x08005628   Section        0  sqrt.o(i.sqrt)
    atanhi                                   0x08005678   Data          32  atan.o(.constdata)
    .constdata                               0x08005678   Section      152  atan.o(.constdata)
    atanlo                                   0x08005698   Data          32  atan.o(.constdata)
    aTodd                                    0x080056b8   Data          40  atan.o(.constdata)
    aTeven                                   0x080056e0   Data          48  atan.o(.constdata)
    .constdata                               0x08005710   Section        8  qnan.o(.constdata)
    HAL_RCC_GetSysClockFreq.aPredivFactorTable 0x08005730   Data           2  stm32f1xx_hal_rcc.o(.rodata.HAL_RCC_GetSysClockFreq.aPredivFactorTable)
    [Anonymous Symbol]                       0x08005730   Section        0  stm32f1xx_hal_rcc.o(.rodata.HAL_RCC_GetSysClockFreq.aPredivFactorTable)
    HAL_RCC_GetSysClockFreq.aPLLMULFactorTable 0x08005732   Data          16  stm32f1xx_hal_rcc.o(.rodata.cst16)
    [Anonymous Symbol]                       0x08005732   Section        0  stm32f1xx_hal_rcc.o(.rodata.cst16)
    _errno                                   0x20000000   Data           4  errno.o(.data)
    .data                                    0x20000000   Section        4  errno.o(.data)
    .L_MergedGlobals                         0x20000004   Data           8  stm32f1xx_hal.o(.data..L_MergedGlobals)
    [Anonymous Symbol]                       0x20000004   Section        0  stm32f1xx_hal.o(.data..L_MergedGlobals)
    .L_MergedGlobals                         0x20000138   Data          12  car.o(.bss..L_MergedGlobals)
    Balance_PD.last_pitch                    0x20000138   Data           4  car.o(.bss..L_MergedGlobals)
    [Anonymous Symbol]                       0x20000138   Section        0  car.o(.bss..L_MergedGlobals)
    Balance_PD.last_gx                       0x2000013c   Data           4  car.o(.bss..L_MergedGlobals)
    Speed_PI.last_speed                      0x20000140   Data           4  car.o(.bss..L_MergedGlobals)
    EXTI12_Callback                          0x20000144   Data           4  gpio_it.o(.bss.EXTI12_Callback)
    [Anonymous Symbol]                       0x20000144   Section        0  gpio_it.o(.bss.EXTI12_Callback)
    TIM7_Callback                            0x20000148   Data           4  tim_it.o(.bss.TIM7_Callback)
    [Anonymous Symbol]                       0x20000148   Section        0  tim_it.o(.bss.TIM7_Callback)
    STACK                                    0x20000608   Section     1024  startup_stm32f103xe.o(STACK)

    Global Symbols

    Symbol Name                              Value     Ov Type        Size  Object(Section)

    BuildAttributes$$THM_ISAv4$P$D$K$B$S$PE$A:L22UL41UL21$X:L11$S22US41US21$IEEE1$IW$~IW$USESV6$~STKCKD$USESV7$~SHL$OTIME$ROPI$IEEEX$EBA8$MICROLIB$REQ8$PRES8$EABIv2 0x00000000   Number         0  anon$$obj.o ABSOLUTE
    __cpp_initialize__aeabi_                  - Undefined Weak Reference
    __cxa_finalize                            - Undefined Weak Reference
    _clock_init                               - Undefined Weak Reference
    _microlib_exit                            - Undefined Weak Reference
    __Vectors_Size                           0x00000130   Number         0  startup_stm32f103xe.o ABSOLUTE
    __Vectors                                0x08000000   Data           4  startup_stm32f103xe.o(RESET)
    __Vectors_End                            0x08000130   Data           0  startup_stm32f103xe.o(RESET)
    __main                                   0x08000131   Thumb Code     0  entry.o(.ARM.Collect$$$$00000000)
    _main_stk                                0x08000131   Thumb Code     0  entry2.o(.ARM.Collect$$$$00000001)
    _main_scatterload                        0x08000135   Thumb Code     0  entry5.o(.ARM.Collect$$$$00000004)
    __main_after_scatterload                 0x08000139   Thumb Code     0  entry5.o(.ARM.Collect$$$$00000004)
    _main_clock                              0x08000139   Thumb Code     0  entry7b.o(.ARM.Collect$$$$00000008)
    _main_cpp_init                           0x08000139   Thumb Code     0  entry8b.o(.ARM.Collect$$$$0000000A)
    _main_init                               0x08000139   Thumb Code     0  entry9a.o(.ARM.Collect$$$$0000000B)
    __rt_final_cpp                           0x08000141   Thumb Code     0  entry10a.o(.ARM.Collect$$$$0000000D)
    __rt_final_exit                          0x08000141   Thumb Code     0  entry11a.o(.ARM.Collect$$$$0000000F)
    Reset_Handler                            0x08000145   Thumb Code     8  startup_stm32f103xe.o(.text)
    ADC1_2_IRQHandler                        0x0800015f   Thumb Code     0  startup_stm32f103xe.o(.text)
    ADC3_IRQHandler                          0x0800015f   Thumb Code     0  startup_stm32f103xe.o(.text)
    CAN1_RX1_IRQHandler                      0x0800015f   Thumb Code     0  startup_stm32f103xe.o(.text)
    CAN1_SCE_IRQHandler                      0x0800015f   Thumb Code     0  startup_stm32f103xe.o(.text)
    DMA1_Channel1_IRQHandler                 0x0800015f   Thumb Code     0  startup_stm32f103xe.o(.text)
    DMA1_Channel2_IRQHandler                 0x0800015f   Thumb Code     0  startup_stm32f103xe.o(.text)
    DMA1_Channel3_IRQHandler                 0x0800015f   Thumb Code     0  startup_stm32f103xe.o(.text)
    DMA1_Channel4_IRQHandler                 0x0800015f   Thumb Code     0  startup_stm32f103xe.o(.text)
    DMA1_Channel5_IRQHandler                 0x0800015f   Thumb Code     0  startup_stm32f103xe.o(.text)
    DMA1_Channel6_IRQHandler                 0x0800015f   Thumb Code     0  startup_stm32f103xe.o(.text)
    DMA1_Channel7_IRQHandler                 0x0800015f   Thumb Code     0  startup_stm32f103xe.o(.text)
    DMA2_Channel1_IRQHandler                 0x0800015f   Thumb Code     0  startup_stm32f103xe.o(.text)
    DMA2_Channel2_IRQHandler                 0x0800015f   Thumb Code     0  startup_stm32f103xe.o(.text)
    DMA2_Channel3_IRQHandler                 0x0800015f   Thumb Code     0  startup_stm32f103xe.o(.text)
    DMA2_Channel4_5_IRQHandler               0x0800015f   Thumb Code     0  startup_stm32f103xe.o(.text)
    EXTI0_IRQHandler                         0x0800015f   Thumb Code     0  startup_stm32f103xe.o(.text)
    EXTI1_IRQHandler                         0x0800015f   Thumb Code     0  startup_stm32f103xe.o(.text)
    EXTI2_IRQHandler                         0x0800015f   Thumb Code     0  startup_stm32f103xe.o(.text)
    EXTI3_IRQHandler                         0x0800015f   Thumb Code     0  startup_stm32f103xe.o(.text)
    EXTI4_IRQHandler                         0x0800015f   Thumb Code     0  startup_stm32f103xe.o(.text)
    EXTI9_5_IRQHandler                       0x0800015f   Thumb Code     0  startup_stm32f103xe.o(.text)
    FLASH_IRQHandler                         0x0800015f   Thumb Code     0  startup_stm32f103xe.o(.text)
    FSMC_IRQHandler                          0x0800015f   Thumb Code     0  startup_stm32f103xe.o(.text)
    I2C1_ER_IRQHandler                       0x0800015f   Thumb Code     0  startup_stm32f103xe.o(.text)
    I2C1_EV_IRQHandler                       0x0800015f   Thumb Code     0  startup_stm32f103xe.o(.text)
    I2C2_ER_IRQHandler                       0x0800015f   Thumb Code     0  startup_stm32f103xe.o(.text)
    I2C2_EV_IRQHandler                       0x0800015f   Thumb Code     0  startup_stm32f103xe.o(.text)
    PVD_IRQHandler                           0x0800015f   Thumb Code     0  startup_stm32f103xe.o(.text)
    RCC_IRQHandler                           0x0800015f   Thumb Code     0  startup_stm32f103xe.o(.text)
    RTC_Alarm_IRQHandler                     0x0800015f   Thumb Code     0  startup_stm32f103xe.o(.text)
    RTC_IRQHandler                           0x0800015f   Thumb Code     0  startup_stm32f103xe.o(.text)
    SDIO_IRQHandler                          0x0800015f   Thumb Code     0  startup_stm32f103xe.o(.text)
    SPI1_IRQHandler                          0x0800015f   Thumb Code     0  startup_stm32f103xe.o(.text)
    SPI2_IRQHandler                          0x0800015f   Thumb Code     0  startup_stm32f103xe.o(.text)
    SPI3_IRQHandler                          0x0800015f   Thumb Code     0  startup_stm32f103xe.o(.text)
    TAMPER_IRQHandler                        0x0800015f   Thumb Code     0  startup_stm32f103xe.o(.text)
    TIM1_BRK_IRQHandler                      0x0800015f   Thumb Code     0  startup_stm32f103xe.o(.text)
    TIM1_CC_IRQHandler                       0x0800015f   Thumb Code     0  startup_stm32f103xe.o(.text)
    TIM1_TRG_COM_IRQHandler                  0x0800015f   Thumb Code     0  startup_stm32f103xe.o(.text)
    TIM1_UP_IRQHandler                       0x0800015f   Thumb Code     0  startup_stm32f103xe.o(.text)
    TIM2_IRQHandler                          0x0800015f   Thumb Code     0  startup_stm32f103xe.o(.text)
    TIM3_IRQHandler                          0x0800015f   Thumb Code     0  startup_stm32f103xe.o(.text)
    TIM4_IRQHandler                          0x0800015f   Thumb Code     0  startup_stm32f103xe.o(.text)
    TIM5_IRQHandler                          0x0800015f   Thumb Code     0  startup_stm32f103xe.o(.text)
    TIM6_IRQHandler                          0x0800015f   Thumb Code     0  startup_stm32f103xe.o(.text)
    TIM8_BRK_IRQHandler                      0x0800015f   Thumb Code     0  startup_stm32f103xe.o(.text)
    TIM8_CC_IRQHandler                       0x0800015f   Thumb Code     0  startup_stm32f103xe.o(.text)
    TIM8_TRG_COM_IRQHandler                  0x0800015f   Thumb Code     0  startup_stm32f103xe.o(.text)
    TIM8_UP_IRQHandler                       0x0800015f   Thumb Code     0  startup_stm32f103xe.o(.text)
    UART4_IRQHandler                         0x0800015f   Thumb Code     0  startup_stm32f103xe.o(.text)
    UART5_IRQHandler                         0x0800015f   Thumb Code     0  startup_stm32f103xe.o(.text)
    USART1_IRQHandler                        0x0800015f   Thumb Code     0  startup_stm32f103xe.o(.text)
    USART2_IRQHandler                        0x0800015f   Thumb Code     0  startup_stm32f103xe.o(.text)
    USART3_IRQHandler                        0x0800015f   Thumb Code     0  startup_stm32f103xe.o(.text)
    USBWakeUp_IRQHandler                     0x0800015f   Thumb Code     0  startup_stm32f103xe.o(.text)
    USB_HP_CAN1_TX_IRQHandler                0x0800015f   Thumb Code     0  startup_stm32f103xe.o(.text)
    USB_LP_CAN1_RX0_IRQHandler               0x0800015f   Thumb Code     0  startup_stm32f103xe.o(.text)
    WWDG_IRQHandler                          0x0800015f   Thumb Code     0  startup_stm32f103xe.o(.text)
    __aeabi_memcpy                           0x08000169   Thumb Code    36  memcpya.o(.text)
    __aeabi_memcpy4                          0x08000169   Thumb Code     0  memcpya.o(.text)
    __aeabi_memcpy8                          0x08000169   Thumb Code     0  memcpya.o(.text)
    strlen                                   0x0800018d   Thumb Code    14  strlen.o(.text)
    __aeabi_fadd                             0x0800019b   Thumb Code   164  fadd.o(.text)
    __aeabi_fsub                             0x0800023f   Thumb Code     6  fadd.o(.text)
    __aeabi_frsub                            0x08000245   Thumb Code     6  fadd.o(.text)
    __aeabi_fmul                             0x0800024b   Thumb Code   100  fmul.o(.text)
    __aeabi_fdiv                             0x080002af   Thumb Code   124  fdiv.o(.text)
    __aeabi_dadd                             0x0800032b   Thumb Code   322  dadd.o(.text)
    __aeabi_dsub                             0x0800046d   Thumb Code     6  dadd.o(.text)
    __aeabi_drsub                            0x08000473   Thumb Code     6  dadd.o(.text)
    __aeabi_dmul                             0x08000479   Thumb Code   228  dmul.o(.text)
    __aeabi_ddiv                             0x0800055d   Thumb Code   222  ddiv.o(.text)
    __aeabi_fcmple                           0x0800063b   Thumb Code    28  fcmple.o(.text)
    __aeabi_fcmplt                           0x08000657   Thumb Code    28  fcmplt.o(.text)
    __aeabi_fcmpge                           0x08000673   Thumb Code    28  fcmpge.o(.text)
    __aeabi_fcmpgt                           0x0800068f   Thumb Code    28  fcmpgt.o(.text)
    __aeabi_dcmple                           0x080006ab   Thumb Code    54  dcmple.o(.text)
    __aeabi_dcmplt                           0x080006e1   Thumb Code    54  dcmplt.o(.text)
    __aeabi_dcmpgt                           0x08000717   Thumb Code    54  dcmpgt.o(.text)
    __aeabi_i2f                              0x0800074d   Thumb Code    18  fflti.o(.text)
    __aeabi_i2d                              0x0800075f   Thumb Code    34  dflti.o(.text)
    __aeabi_ui2d                             0x08000781   Thumb Code    26  dfltui.o(.text)
    __aeabi_d2iz                             0x0800079b   Thumb Code    62  dfixi.o(.text)
    __aeabi_f2d                              0x080007d9   Thumb Code    38  f2d.o(.text)
    __aeabi_d2f                              0x080007ff   Thumb Code    56  d2f.o(.text)
    __aeabi_uidiv                            0x08000837   Thumb Code     0  uidiv.o(.text)
    __aeabi_uidivmod                         0x08000837   Thumb Code    44  uidiv.o(.text)
    __aeabi_uldivmod                         0x08000863   Thumb Code    98  uldiv.o(.text)
    __aeabi_llsl                             0x080008c5   Thumb Code    30  llshl.o(.text)
    _ll_shift_l                              0x080008c5   Thumb Code     0  llshl.o(.text)
    __aeabi_llsr                             0x080008e3   Thumb Code    32  llushr.o(.text)
    _ll_ushift_r                             0x080008e3   Thumb Code     0  llushr.o(.text)
    __aeabi_lasr                             0x08000903   Thumb Code    36  llsshr.o(.text)
    _ll_sshift_r                             0x08000903   Thumb Code     0  llsshr.o(.text)
    __I$use$fp                               0x08000927   Thumb Code     0  iusefp.o(.text)
    _float_round                             0x08000927   Thumb Code    18  fepilogue.o(.text)
    _float_epilogue                          0x08000939   Thumb Code    92  fepilogue.o(.text)
    _double_round                            0x08000995   Thumb Code    30  depilogue.o(.text)
    _double_epilogue                         0x080009b3   Thumb Code   156  depilogue.o(.text)
    __ARM_scalbn                             0x08000a4f   Thumb Code    46  dscalb.o(.text)
    scalbn                                   0x08000a4f   Thumb Code     0  dscalb.o(.text)
    _dsqrt                                   0x08000a7d   Thumb Code   162  dsqrt.o(.text)
    __aeabi_d2ulz                            0x08000b1f   Thumb Code    48  dfixul.o(.text)
    __aeabi_cdcmpeq                          0x08000b51   Thumb Code     0  cdcmple.o(.text)
    __aeabi_cdcmple                          0x08000b51   Thumb Code    48  cdcmple.o(.text)
    __aeabi_cdrcmple                         0x08000b81   Thumb Code    48  cdrcmple.o(.text)
    __scatterload                            0x08000bb1   Thumb Code    38  init.o(.text)
    __scatterload_rt2                        0x08000bb1   Thumb Code     0  init.o(.text)
    __decompress                             0x08000be1   Thumb Code     0  __dczerorl.o(.text)
    __decompress0                            0x08000be1   Thumb Code    58  __dczerorl.o(.text)
    BusFault_Handler                         0x08000c1d   Thumb Code     2  stm32f1xx_it.o(.text.BusFault_Handler)
    Car_balance                              0x08000c21   Thumb Code   400  car.o(.text.Car_balance)
    Car_setBalanceAngle                      0x08000db1   Thumb Code     6  car.o(.text.Car_setBalanceAngle)
    Car_setBalancePID                        0x08000db9   Thumb Code    28  car.o(.text.Car_setBalancePID)
    Car_setSpeedPID                          0x08000dd5   Thumb Code    28  car.o(.text.Car_setSpeedPID)
    DebugMon_Handler                         0x08000df1   Thumb Code     2  stm32f1xx_it.o(.text.DebugMon_Handler)
    DriverEncoder_getcounter                 0x08000df5   Thumb Code    20  driver_encoder.o(.text.DriverEncoder_getcounter)
    DriverEncoder_start                      0x08000e09   Thumb Code     6  driver_encoder.o(.text.DriverEncoder_start)
    DriverPwm_start                          0x08000e11   Thumb Code    26  driver_pwm.o(.text.DriverPwm_start)
    Driver_creatmotor                        0x08000e2d   Thumb Code    78  driver.o(.text.Driver_creatmotor)
    Driver_getmotor_currentspeed             0x08000e7d   Thumb Code    34  driver.o(.text.Driver_getmotor_currentspeed)
    Driver_init                              0x08000ea1   Thumb Code    48  driver.o(.text.Driver_init)
    Driver_setmotorpwm                       0x08000ed1   Thumb Code    66  driver.o(.text.Driver_setmotorpwm)
    Driver_setpwm                            0x08000f15   Thumb Code   130  driver_pwm.o(.text.Driver_setpwm)
    EXTI15_10_IRQHandler                     0x08000f99   Thumb Code     8  stm32f1xx_it.o(.text.EXTI15_10_IRQHandler)
    Error_Handler                            0x08000fa1   Thumb Code    10  main.o(.text.Error_Handler)
    HAL_GPIO_EXTI_Callback                   0x08000fad   Thumb Code    26  gpio_it.o(.text.HAL_GPIO_EXTI_Callback)
    HAL_GPIO_EXTI_IRQHandler                 0x08000fc9   Thumb Code    22  stm32f1xx_hal_gpio.o(.text.HAL_GPIO_EXTI_IRQHandler)
    HAL_GPIO_Init                            0x08000fe1   Thumb Code   486  stm32f1xx_hal_gpio.o(.text.HAL_GPIO_Init)
    HAL_GetTick                              0x080011c9   Thumb Code    12  stm32f1xx_hal.o(.text.HAL_GetTick)
    HAL_I2C_Init                             0x080011d5   Thumb Code   356  stm32f1xx_hal_i2c.o(.text.HAL_I2C_Init)
    HAL_I2C_Mem_Read                         0x08001339   Thumb Code   846  stm32f1xx_hal_i2c.o(.text.HAL_I2C_Mem_Read)
    HAL_I2C_Mem_Write                        0x08001689   Thumb Code   348  stm32f1xx_hal_i2c.o(.text.HAL_I2C_Mem_Write)
    HAL_I2C_MspInit                          0x080017e5   Thumb Code   108  i2c.o(.text.HAL_I2C_MspInit)
    HAL_IncTick                              0x08001851   Thumb Code    26  stm32f1xx_hal.o(.text.HAL_IncTick)
    HAL_Init                                 0x0800186d   Thumb Code    38  stm32f1xx_hal.o(.text.HAL_Init)
    HAL_InitTick                             0x08001895   Thumb Code    72  stm32f1xx_hal.o(.text.HAL_InitTick)
    HAL_MspInit                              0x080018dd   Thumb Code    66  stm32f1xx_hal_msp.o(.text.HAL_MspInit)
    HAL_NVIC_EnableIRQ                       0x08001921   Thumb Code    34  stm32f1xx_hal_cortex.o(.text.HAL_NVIC_EnableIRQ)
    HAL_NVIC_SetPriority                     0x08001945   Thumb Code    86  stm32f1xx_hal_cortex.o(.text.HAL_NVIC_SetPriority)
    HAL_NVIC_SetPriorityGrouping             0x0800199d   Thumb Code    32  stm32f1xx_hal_cortex.o(.text.HAL_NVIC_SetPriorityGrouping)
    HAL_RCC_ClockConfig                      0x080019bd   Thumb Code   442  stm32f1xx_hal_rcc.o(.text.HAL_RCC_ClockConfig)
    HAL_RCC_GetPCLK1Freq                     0x08001b79   Thumb Code    38  stm32f1xx_hal_rcc.o(.text.HAL_RCC_GetPCLK1Freq)
    HAL_RCC_GetPCLK2Freq                     0x08001ba1   Thumb Code    38  stm32f1xx_hal_rcc.o(.text.HAL_RCC_GetPCLK2Freq)
    HAL_RCC_OscConfig                        0x08001bc9   Thumb Code  1024  stm32f1xx_hal_rcc.o(.text.HAL_RCC_OscConfig)
    HAL_SYSTICK_Config                       0x08001fc9   Thumb Code    44  stm32f1xx_hal_cortex.o(.text.HAL_SYSTICK_Config)
    HAL_TIMEx_BreakCallback                  0x08001ff5   Thumb Code     2  stm32f1xx_hal_tim_ex.o(.text.HAL_TIMEx_BreakCallback)
    HAL_TIMEx_CommutCallback                 0x08001ff9   Thumb Code     2  stm32f1xx_hal_tim_ex.o(.text.HAL_TIMEx_CommutCallback)
    HAL_TIMEx_ConfigBreakDeadTime            0x08001ffd   Thumb Code    76  stm32f1xx_hal_tim_ex.o(.text.HAL_TIMEx_ConfigBreakDeadTime)
    HAL_TIMEx_MasterConfigSynchronization    0x08002049   Thumb Code   150  stm32f1xx_hal_tim_ex.o(.text.HAL_TIMEx_MasterConfigSynchronization)
    HAL_TIM_Base_Init                        0x080020e1   Thumb Code    90  stm32f1xx_hal_tim.o(.text.HAL_TIM_Base_Init)
    HAL_TIM_Base_MspInit                     0x0800213d   Thumb Code   156  tim.o(.text.HAL_TIM_Base_MspInit)
    HAL_TIM_Base_Start                       0x080021d9   Thumb Code   126  stm32f1xx_hal_tim.o(.text.HAL_TIM_Base_Start)
    HAL_TIM_Base_Stop                        0x08002259   Thumb Code    52  stm32f1xx_hal_tim.o(.text.HAL_TIM_Base_Stop)
    HAL_TIM_ConfigClockSource                0x0800228d   Thumb Code   416  stm32f1xx_hal_tim.o(.text.HAL_TIM_ConfigClockSource)
    HAL_TIM_Encoder_Init                     0x0800242d   Thumb Code   178  stm32f1xx_hal_tim.o(.text.HAL_TIM_Encoder_Init)
    HAL_TIM_Encoder_MspInit                  0x080024e1   Thumb Code   172  tim.o(.text.HAL_TIM_Encoder_MspInit)
    HAL_TIM_Encoder_Start                    0x0800258d   Thumb Code   188  stm32f1xx_hal_tim.o(.text.HAL_TIM_Encoder_Start)
    HAL_TIM_IC_CaptureCallback               0x08002649   Thumb Code     2  stm32f1xx_hal_tim.o(.text.HAL_TIM_IC_CaptureCallback)
    HAL_TIM_IRQHandler                       0x0800264d   Thumb Code   334  stm32f1xx_hal_tim.o(.text.HAL_TIM_IRQHandler)
    HAL_TIM_OC_DelayElapsedCallback          0x0800279d   Thumb Code     2  stm32f1xx_hal_tim.o(.text.HAL_TIM_OC_DelayElapsedCallback)
    HAL_TIM_PWM_ConfigChannel                0x080027a1   Thumb Code   604  stm32f1xx_hal_tim.o(.text.HAL_TIM_PWM_ConfigChannel)
    HAL_TIM_PWM_Init                         0x080029fd   Thumb Code    90  stm32f1xx_hal_tim.o(.text.HAL_TIM_PWM_Init)
    HAL_TIM_PWM_MspInit                      0x08002a59   Thumb Code     2  stm32f1xx_hal_tim.o(.text.HAL_TIM_PWM_MspInit)
    HAL_TIM_PWM_PulseFinishedCallback        0x08002a5d   Thumb Code     2  stm32f1xx_hal_tim.o(.text.HAL_TIM_PWM_PulseFinishedCallback)
    HAL_TIM_PWM_Start                        0x08002a61   Thumb Code   222  stm32f1xx_hal_tim.o(.text.HAL_TIM_PWM_Start)
    HAL_TIM_PeriodElapsedCallback            0x08002b41   Thumb Code    34  tim_it.o(.text.HAL_TIM_PeriodElapsedCallback)
    HAL_TIM_TriggerCallback                  0x08002b65   Thumb Code     2  stm32f1xx_hal_tim.o(.text.HAL_TIM_TriggerCallback)
    HAL_UART_Init                            0x08002b69   Thumb Code   226  stm32f1xx_hal_uart.o(.text.HAL_UART_Init)
    HAL_UART_MspInit                         0x08002c4d   Thumb Code   122  usart.o(.text.HAL_UART_MspInit)
    HAL_UART_Transmit                        0x08002cc9   Thumb Code   402  stm32f1xx_hal_uart.o(.text.HAL_UART_Transmit)
    HardFault_Handler                        0x08002e5d   Thumb Code     2  stm32f1xx_it.o(.text.HardFault_Handler)
    MX_GPIO_Init                             0x080034e9   Thumb Code   146  gpio.o(.text.MX_GPIO_Init)
    MX_I2C2_Init                             0x0800357d   Thumb Code    66  i2c.o(.text.MX_I2C2_Init)
    MX_TIM3_Init                             0x080035c1   Thumb Code   104  tim.o(.text.MX_TIM3_Init)
    MX_TIM4_Init                             0x08003629   Thumb Code   104  tim.o(.text.MX_TIM4_Init)
    MX_TIM6_Init                             0x08003691   Thumb Code    80  tim.o(.text.MX_TIM6_Init)
    MX_TIM7_Init                             0x080036e1   Thumb Code    80  tim.o(.text.MX_TIM7_Init)
    MX_TIM8_Init                             0x08003731   Thumb Code   396  tim.o(.text.MX_TIM8_Init)
    MX_USART2_UART_Init                      0x080038bd   Thumb Code    60  usart.o(.text.MX_USART2_UART_Init)
    Mask_start                               0x0800392d   Thumb Code   932  mask.o(.text.Mask_start)
    MemManage_Handler                        0x08003cf1   Thumb Code     2  stm32f1xx_it.o(.text.MemManage_Handler)
    Mpu_clearinterrupt                       0x08003cf5   Thumb Code    44  mpu6050.o(.text.Mpu_clearinterrupt)
    Mpu_creat                                0x08003da5   Thumb Code    84  mpu6050.o(.text.Mpu_creat)
    Mpu_getKalmandata                        0x08003df9   Thumb Code  1022  mpu6050.o(.text.Mpu_getKalmandata)
    Mpu_init                                 0x080041f9   Thumb Code   228  mpu6050.o(.text.Mpu_init)
    NMI_Handler                              0x080042f1   Thumb Code     2  stm32f1xx_it.o(.text.NMI_Handler)
    PendSV_Handler                           0x080042f5   Thumb Code     2  stm32f1xx_it.o(.text.PendSV_Handler)
    SVC_Handler                              0x080042f9   Thumb Code     2  stm32f1xx_it.o(.text.SVC_Handler)
    SysTick_Handler                          0x080042fd   Thumb Code     4  stm32f1xx_it.o(.text.SysTick_Handler)
    SystemInit                               0x08004301   Thumb Code     2  system_stm32f1xx.o(.text.SystemInit)
    TIM7_IRQHandler                          0x08004305   Thumb Code    12  stm32f1xx_it.o(.text.TIM7_IRQHandler)
    TIM_Base_SetConfig                       0x08004311   Thumb Code   224  stm32f1xx_hal_tim.o(.text.TIM_Base_SetConfig)
    UsageFault_Handler                       0x080043f1   Thumb Code     2  stm32f1xx_it.o(.text.UsageFault_Handler)
    delay_ms                                 0x080043f5   Thumb Code   102  my_delay.o(.text.delay_ms)
    encoder_getcounter                       0x0800445d   Thumb Code    12  encoder.o(.text.encoder_getcounter)
    encoder_init                             0x08004469   Thumb Code     6  encoder.o(.text.encoder_init)
    exti_register_callback                   0x08004471   Thumb Code    18  gpio_it.o(.text.exti_register_callback)
    iic_mem_read8Bit                         0x08004485   Thumb Code    32  iic.o(.text.iic_mem_read8Bit)
    iic_mem_write8Bit                        0x080044a5   Thumb Code    32  iic.o(.text.iic_mem_write8Bit)
    main                                     0x080044c5   Thumb Code   134  main.o(.text.main)
    mpu_iicgetdata                           0x0800454d   Thumb Code    26  mpu6050_iic.o(.text.mpu_iicgetdata)
    mpu_iicsend                              0x08004569   Thumb Code    26  mpu6050_iic.o(.text.mpu_iicsend)
    pidmemory_clear                          0x08004585   Thumb Code    20  pid.o(.text.pidmemory_clear)
    positionPid_Cal                          0x08004599   Thumb Code   302  pid.o(.text.positionPid_Cal)
    position_divAPI_PID_Cal                  0x080046c9   Thumb Code   254  pid.o(.text.position_divAPI_PID_Cal)
    pwm_init                                 0x080047c9   Thumb Code     4  pwm.o(.text.pwm_init)
    pwm_set                                  0x080047cd   Thumb Code    34  pwm.o(.text.pwm_set)
    usart_printf                             0x080047f1   Thumb Code    68  serial.o(.text.usart_printf)
    xianfu                                   0x08004835   Thumb Code    64  pid.o(.text.xianfu)
    __0vsprintf                              0x08004875   Thumb Code    30  printfa.o(i.__0vsprintf)
    __1vsprintf                              0x08004875   Thumb Code     0  printfa.o(i.__0vsprintf)
    __2vsprintf                              0x08004875   Thumb Code     0  printfa.o(i.__0vsprintf)
    __c89vsprintf                            0x08004875   Thumb Code     0  printfa.o(i.__0vsprintf)
    vsprintf                                 0x08004875   Thumb Code     0  printfa.o(i.__0vsprintf)
    __ARM_fpclassify                         0x08004899   Thumb Code    40  fpclassify.o(i.__ARM_fpclassify)
    __kernel_poly                            0x080048c1   Thumb Code   170  poly.o(i.__kernel_poly)
    __mathlib_dbl_infnan                     0x0800496b   Thumb Code     6  dunder.o(i.__mathlib_dbl_infnan)
    __mathlib_dbl_infnan2                    0x08004971   Thumb Code     4  dunder.o(i.__mathlib_dbl_infnan2)
    __mathlib_dbl_underflow                  0x08004975   Thumb Code    10  dunder.o(i.__mathlib_dbl_underflow)
    __scatterload_copy                       0x08004985   Thumb Code    14  handlers.o(i.__scatterload_copy)
    __scatterload_null                       0x08004993   Thumb Code     2  handlers.o(i.__scatterload_null)
    __scatterload_zeroinit                   0x08004995   Thumb Code    14  handlers.o(i.__scatterload_zeroinit)
    __set_errno                              0x080049a5   Thumb Code     6  errno.o(i.__set_errno)
    atan                                     0x0800526d   Thumb Code   474  atan.o(i.atan)
    atan2                                    0x0800548d   Thumb Code   374  atan2.o(i.atan2)
    sqrt                                     0x08005629   Thumb Code    76  sqrt.o(i.sqrt)
    __mathlib_zero                           0x08005710   Data           8  qnan.o(.constdata)
    AHBPrescTable                            0x08005718   Data          16  system_stm32f1xx.o(.rodata.AHBPrescTable)
    APBPrescTable                            0x08005728   Data           8  system_stm32f1xx.o(.rodata.APBPrescTable)
    Region$$Table$$Base                      0x08005744   Number         0  anon$$obj.o(Region$$Table)
    Region$$Table$$Limit                     0x08005764   Number         0  anon$$obj.o(Region$$Table)
    uwTickFreq                               0x20000004   Data           1  stm32f1xx_hal.o(.data..L_MergedGlobals)
    uwTickPrio                               0x20000008   Data           4  stm32f1xx_hal.o(.data..L_MergedGlobals)
    KalmanX                                  0x2000000c   Data          36  mpu6050.o(.data.KalmanX)
    KalmanY                                  0x20000030   Data          36  mpu6050.o(.data.KalmanY)
    SystemCoreClock                          0x20000054   Data           4  system_stm32f1xx.o(.data.SystemCoreClock)
    leftdriver                               0x20000058   Data          28  driver_config.o(.data.leftdriver)
    mpu_config                               0x20000074   Data          16  mpu6050_config.o(.data.mpu_config)
    pidbalance                               0x20000088   Data          72  car.o(.data.pidbalance)
    pidspeed                                 0x200000d0   Data          72  car.o(.data.pidspeed)
    rightdriver                              0x20000118   Data          28  driver_config.o(.data.rightdriver)
    car                                      0x20000150   Data         528  mask.o(.bss.car)
    hi2c2                                    0x20000360   Data          84  i2c.o(.bss.hi2c2)
    htim3                                    0x200003b4   Data          72  tim.o(.bss.htim3)
    htim4                                    0x200003fc   Data          72  tim.o(.bss.htim4)
    htim6                                    0x20000444   Data          72  tim.o(.bss.htim6)
    htim7                                    0x2000048c   Data          72  tim.o(.bss.htim7)
    htim8                                    0x200004d4   Data          72  tim.o(.bss.htim8)
    huart2                                   0x2000051c   Data          72  usart.o(.bss.huart2)
    pidL                                     0x20000568   Data          72  car.o(.bss.pidL)
    pidR                                     0x200005b0   Data          72  car.o(.bss.pidR)
    timer                                    0x200005f8   Data           8  mpu6050.o(.bss.timer)
    uwTick                                   0x20000600   Data           4  stm32f1xx_hal.o(.bss.uwTick)
    __initial_sp                             0x20000a08   Data           0  startup_stm32f103xe.o(STACK)



==============================================================================

Memory Map of the image

  Image Entry point : 0x08000131

  Load Region LR_IROM1 (Base: 0x08000000, Size: 0x000058a0, Max: 0x00040000, ABSOLUTE, COMPRESSED[0x000057d0])

    Execution Region ER_IROM1 (Exec base: 0x08000000, Load base: 0x08000000, Size: 0x00005764, Max: 0x00040000, ABSOLUTE)

    Exec Addr    Load Addr    Size         Type   Attr      Idx    E Section Name        Object

    0x08000000   0x08000000   0x00000130   Data   RO            3    RESET               startup_stm32f103xe.o
    0x08000130   0x08000130   0x00000000   Code   RO         1350  * .ARM.Collect$$$$00000000  mc_w.l(entry.o)
    0x08000130   0x08000130   0x00000004   Code   RO         1444    .ARM.Collect$$$$00000001  mc_w.l(entry2.o)
    0x08000134   0x08000134   0x00000004   Code   RO         1447    .ARM.Collect$$$$00000004  mc_w.l(entry5.o)
    0x08000138   0x08000138   0x00000000   Code   RO         1449    .ARM.Collect$$$$00000008  mc_w.l(entry7b.o)
    0x08000138   0x08000138   0x00000000   Code   RO         1451    .ARM.Collect$$$$0000000A  mc_w.l(entry8b.o)
    0x08000138   0x08000138   0x00000008   Code   RO         1452    .ARM.Collect$$$$0000000B  mc_w.l(entry9a.o)
    0x08000140   0x08000140   0x00000000   Code   RO         1454    .ARM.Collect$$$$0000000D  mc_w.l(entry10a.o)
    0x08000140   0x08000140   0x00000000   Code   RO         1456    .ARM.Collect$$$$0000000F  mc_w.l(entry11a.o)
    0x08000140   0x08000140   0x00000004   Code   RO         1445    .ARM.Collect$$$$00002712  mc_w.l(entry2.o)
    0x08000144   0x08000144   0x00000024   Code   RO            4    .text               startup_stm32f103xe.o
    0x08000168   0x08000168   0x00000024   Code   RO         1353    .text               mc_w.l(memcpya.o)
    0x0800018c   0x0800018c   0x0000000e   Code   RO         1355    .text               mc_w.l(strlen.o)
    0x0800019a   0x0800019a   0x000000b0   Code   RO         1387    .text               mf_w.l(fadd.o)
    0x0800024a   0x0800024a   0x00000064   Code   RO         1389    .text               mf_w.l(fmul.o)
    0x080002ae   0x080002ae   0x0000007c   Code   RO         1391    .text               mf_w.l(fdiv.o)
    0x0800032a   0x0800032a   0x0000014e   Code   RO         1393    .text               mf_w.l(dadd.o)
    0x08000478   0x08000478   0x000000e4   Code   RO         1395    .text               mf_w.l(dmul.o)
    0x0800055c   0x0800055c   0x000000de   Code   RO         1397    .text               mf_w.l(ddiv.o)
    0x0800063a   0x0800063a   0x0000001c   Code   RO         1399    .text               mf_w.l(fcmple.o)
    0x08000656   0x08000656   0x0000001c   Code   RO         1401    .text               mf_w.l(fcmplt.o)
    0x08000672   0x08000672   0x0000001c   Code   RO         1403    .text               mf_w.l(fcmpge.o)
    0x0800068e   0x0800068e   0x0000001c   Code   RO         1405    .text               mf_w.l(fcmpgt.o)
    0x080006aa   0x080006aa   0x00000036   Code   RO         1407    .text               mf_w.l(dcmple.o)
    0x080006e0   0x080006e0   0x00000036   Code   RO         1409    .text               mf_w.l(dcmplt.o)
    0x08000716   0x08000716   0x00000036   Code   RO         1411    .text               mf_w.l(dcmpgt.o)
    0x0800074c   0x0800074c   0x00000012   Code   RO         1413    .text               mf_w.l(fflti.o)
    0x0800075e   0x0800075e   0x00000022   Code   RO         1415    .text               mf_w.l(dflti.o)
    0x08000780   0x08000780   0x0000001a   Code   RO         1417    .text               mf_w.l(dfltui.o)
    0x0800079a   0x0800079a   0x0000003e   Code   RO         1419    .text               mf_w.l(dfixi.o)
    0x080007d8   0x080007d8   0x00000026   Code   RO         1421    .text               mf_w.l(f2d.o)
    0x080007fe   0x080007fe   0x00000038   Code   RO         1423    .text               mf_w.l(d2f.o)
    0x08000836   0x08000836   0x0000002c   Code   RO         1472    .text               mc_w.l(uidiv.o)
    0x08000862   0x08000862   0x00000062   Code   RO         1474    .text               mc_w.l(uldiv.o)
    0x080008c4   0x080008c4   0x0000001e   Code   RO         1476    .text               mc_w.l(llshl.o)
    0x080008e2   0x080008e2   0x00000020   Code   RO         1478    .text               mc_w.l(llushr.o)
    0x08000902   0x08000902   0x00000024   Code   RO         1480    .text               mc_w.l(llsshr.o)
    0x08000926   0x08000926   0x00000000   Code   RO         1489    .text               mc_w.l(iusefp.o)
    0x08000926   0x08000926   0x0000006e   Code   RO         1490    .text               mf_w.l(fepilogue.o)
    0x08000994   0x08000994   0x000000ba   Code   RO         1492    .text               mf_w.l(depilogue.o)
    0x08000a4e   0x08000a4e   0x0000002e   Code   RO         1494    .text               mf_w.l(dscalb.o)
    0x08000a7c   0x08000a7c   0x000000a2   Code   RO         1496    .text               mf_w.l(dsqrt.o)
    0x08000b1e   0x08000b1e   0x00000030   Code   RO         1498    .text               mf_w.l(dfixul.o)
    0x08000b4e   0x08000b4e   0x00000002   PAD
    0x08000b50   0x08000b50   0x00000030   Code   RO         1500    .text               mf_w.l(cdcmple.o)
    0x08000b80   0x08000b80   0x00000030   Code   RO         1502    .text               mf_w.l(cdrcmple.o)
    0x08000bb0   0x08000bb0   0x00000030   Code   RO         1504    .text               mc_w.l(init.o)
    0x08000be0   0x08000be0   0x0000003a   Code   RO         1516    .text               mc_w.l(__dczerorl.o)
    0x08000c1a   0x08000c1a   0x00000002   PAD
    0x08000c1c   0x08000c1c   0x00000002   Code   RO          103    .text.BusFault_Handler  stm32f1xx_it.o
    0x08000c1e   0x08000c1e   0x00000002   PAD
    0x08000c20   0x08000c20   0x00000190   Code   RO         1322    .text.Car_balance   car.o
    0x08000db0   0x08000db0   0x00000006   Code   RO         1312    .text.Car_setBalanceAngle  car.o
    0x08000db6   0x08000db6   0x00000002   PAD
    0x08000db8   0x08000db8   0x0000001c   Code   RO         1308    .text.Car_setBalancePID  car.o
    0x08000dd4   0x08000dd4   0x0000001c   Code   RO         1310    .text.Car_setSpeedPID  car.o
    0x08000df0   0x08000df0   0x00000002   Code   RO          109    .text.DebugMon_Handler  stm32f1xx_it.o
    0x08000df2   0x08000df2   0x00000002   PAD
    0x08000df4   0x08000df4   0x00000014   Code   RO         1106    .text.DriverEncoder_getcounter  driver_encoder.o
    0x08000e08   0x08000e08   0x00000006   Code   RO         1104    .text.DriverEncoder_start  driver_encoder.o
    0x08000e0e   0x08000e0e   0x00000002   PAD
    0x08000e10   0x08000e10   0x0000001a   Code   RO         1116    .text.DriverPwm_start  driver_pwm.o
    0x08000e2a   0x08000e2a   0x00000002   PAD
    0x08000e2c   0x08000e2c   0x0000004e   Code   RO         1074    .text.Driver_creatmotor  driver.o
    0x08000e7a   0x08000e7a   0x00000002   PAD
    0x08000e7c   0x08000e7c   0x00000022   Code   RO         1082    .text.Driver_getmotor_currentspeed  driver.o
    0x08000e9e   0x08000e9e   0x00000002   PAD
    0x08000ea0   0x08000ea0   0x00000030   Code   RO         1076    .text.Driver_init   driver.o
    0x08000ed0   0x08000ed0   0x00000042   Code   RO         1078    .text.Driver_setmotorpwm  driver.o
    0x08000f12   0x08000f12   0x00000002   PAD
    0x08000f14   0x08000f14   0x00000082   Code   RO         1118    .text.Driver_setpwm  driver_pwm.o
    0x08000f96   0x08000f96   0x00000002   PAD
    0x08000f98   0x08000f98   0x00000008   Code   RO          115    .text.EXTI15_10_IRQHandler  stm32f1xx_it.o
    0x08000fa0   0x08000fa0   0x0000000a   Code   RO           15    .text.Error_Handler  main.o
    0x08000faa   0x08000faa   0x00000002   PAD
    0x08000fac   0x08000fac   0x0000001a   Code   RO         1239    .text.HAL_GPIO_EXTI_Callback  gpio_it.o
    0x08000fc6   0x08000fc6   0x00000002   PAD
    0x08000fc8   0x08000fc8   0x00000016   Code   RO          411    .text.HAL_GPIO_EXTI_IRQHandler  stm32f1xx_hal_gpio.o
    0x08000fde   0x08000fde   0x00000002   PAD
    0x08000fe0   0x08000fe0   0x000001e6   Code   RO          399    .text.HAL_GPIO_Init  stm32f1xx_hal_gpio.o
    0x080011c6   0x080011c6   0x00000002   PAD
    0x080011c8   0x080011c8   0x0000000c   Code   RO          299    .text.HAL_GetTick   stm32f1xx_hal.o
    0x080011d4   0x080011d4   0x00000164   Code   RO          149    .text.HAL_I2C_Init  stm32f1xx_hal_i2c.o
    0x08001338   0x08001338   0x0000034e   Code   RO          197    .text.HAL_I2C_Mem_Read  stm32f1xx_hal_i2c.o
    0x08001686   0x08001686   0x00000002   PAD
    0x08001688   0x08001688   0x0000015c   Code   RO          193    .text.HAL_I2C_Mem_Write  stm32f1xx_hal_i2c.o
    0x080017e4   0x080017e4   0x0000006c   Code   RO           36    .text.HAL_I2C_MspInit  i2c.o
    0x08001850   0x08001850   0x0000001a   Code   RO          297    .text.HAL_IncTick   stm32f1xx_hal.o
    0x0800186a   0x0800186a   0x00000002   PAD
    0x0800186c   0x0800186c   0x00000026   Code   RO          287    .text.HAL_Init      stm32f1xx_hal.o
    0x08001892   0x08001892   0x00000002   PAD
    0x08001894   0x08001894   0x00000048   Code   RO          289    .text.HAL_InitTick  stm32f1xx_hal.o
    0x080018dc   0x080018dc   0x00000042   Code   RO          126    .text.HAL_MspInit   stm32f1xx_hal_msp.o
    0x0800191e   0x0800191e   0x00000002   PAD
    0x08001920   0x08001920   0x00000022   Code   RO          459    .text.HAL_NVIC_EnableIRQ  stm32f1xx_hal_cortex.o
    0x08001942   0x08001942   0x00000002   PAD
    0x08001944   0x08001944   0x00000056   Code   RO          457    .text.HAL_NVIC_SetPriority  stm32f1xx_hal_cortex.o
    0x0800199a   0x0800199a   0x00000002   PAD
    0x0800199c   0x0800199c   0x00000020   Code   RO          455    .text.HAL_NVIC_SetPriorityGrouping  stm32f1xx_hal_cortex.o
    0x080019bc   0x080019bc   0x000001ba   Code   RO          351    .text.HAL_RCC_ClockConfig  stm32f1xx_hal_rcc.o
    0x08001b76   0x08001b76   0x00000002   PAD
    0x08001b78   0x08001b78   0x00000026   Code   RO          363    .text.HAL_RCC_GetPCLK1Freq  stm32f1xx_hal_rcc.o
    0x08001b9e   0x08001b9e   0x00000002   PAD
    0x08001ba0   0x08001ba0   0x00000026   Code   RO          365    .text.HAL_RCC_GetPCLK2Freq  stm32f1xx_hal_rcc.o
    0x08001bc6   0x08001bc6   0x00000002   PAD
    0x08001bc8   0x08001bc8   0x00000400   Code   RO          349    .text.HAL_RCC_OscConfig  stm32f1xx_hal_rcc.o
    0x08001fc8   0x08001fc8   0x0000002c   Code   RO          467    .text.HAL_SYSTICK_Config  stm32f1xx_hal_cortex.o
    0x08001ff4   0x08001ff4   0x00000002   Code   RO          925    .text.HAL_TIMEx_BreakCallback  stm32f1xx_hal_tim_ex.o
    0x08001ff6   0x08001ff6   0x00000002   PAD
    0x08001ff8   0x08001ff8   0x00000002   Code   RO          921    .text.HAL_TIMEx_CommutCallback  stm32f1xx_hal_tim_ex.o
    0x08001ffa   0x08001ffa   0x00000002   PAD
    0x08001ffc   0x08001ffc   0x0000004c   Code   RO          917    .text.HAL_TIMEx_ConfigBreakDeadTime  stm32f1xx_hal_tim_ex.o
    0x08002048   0x08002048   0x00000096   Code   RO          915    .text.HAL_TIMEx_MasterConfigSynchronization  stm32f1xx_hal_tim_ex.o
    0x080020de   0x080020de   0x00000002   PAD
    0x080020e0   0x080020e0   0x0000005a   Code   RO          620    .text.HAL_TIM_Base_Init  stm32f1xx_hal_tim.o
    0x0800213a   0x0800213a   0x00000002   PAD
    0x0800213c   0x0800213c   0x0000009c   Code   RO           63    .text.HAL_TIM_Base_MspInit  tim.o
    0x080021d8   0x080021d8   0x0000007e   Code   RO          630    .text.HAL_TIM_Base_Start  stm32f1xx_hal_tim.o
    0x08002256   0x08002256   0x00000002   PAD
    0x08002258   0x08002258   0x00000034   Code   RO          632    .text.HAL_TIM_Base_Stop  stm32f1xx_hal_tim.o
    0x0800228c   0x0800228c   0x000001a0   Code   RO          800    .text.HAL_TIM_ConfigClockSource  stm32f1xx_hal_tim.o
    0x0800242c   0x0800242c   0x000000b2   Code   RO          734    .text.HAL_TIM_Encoder_Init  stm32f1xx_hal_tim.o
    0x080024de   0x080024de   0x00000002   PAD
    0x080024e0   0x080024e0   0x000000ac   Code   RO           61    .text.HAL_TIM_Encoder_MspInit  tim.o
    0x0800258c   0x0800258c   0x000000bc   Code   RO          742    .text.HAL_TIM_Encoder_Start  stm32f1xx_hal_tim.o
    0x08002648   0x08002648   0x00000002   Code   RO          756    .text.HAL_TIM_IC_CaptureCallback  stm32f1xx_hal_tim.o
    0x0800264a   0x0800264a   0x00000002   PAD
    0x0800264c   0x0800264c   0x0000014e   Code   RO          754    .text.HAL_TIM_IRQHandler  stm32f1xx_hal_tim.o
    0x0800279a   0x0800279a   0x00000002   PAD
    0x0800279c   0x0800279c   0x00000002   Code   RO          758    .text.HAL_TIM_OC_DelayElapsedCallback  stm32f1xx_hal_tim.o
    0x0800279e   0x0800279e   0x00000002   PAD
    0x080027a0   0x080027a0   0x0000025c   Code   RO          774    .text.HAL_TIM_PWM_ConfigChannel  stm32f1xx_hal_tim.o
    0x080029fc   0x080029fc   0x0000005a   Code   RO          674    .text.HAL_TIM_PWM_Init  stm32f1xx_hal_tim.o
    0x08002a56   0x08002a56   0x00000002   PAD
    0x08002a58   0x08002a58   0x00000002   Code   RO          676    .text.HAL_TIM_PWM_MspInit  stm32f1xx_hal_tim.o
    0x08002a5a   0x08002a5a   0x00000002   PAD
    0x08002a5c   0x08002a5c   0x00000002   Code   RO          760    .text.HAL_TIM_PWM_PulseFinishedCallback  stm32f1xx_hal_tim.o
    0x08002a5e   0x08002a5e   0x00000002   PAD
    0x08002a60   0x08002a60   0x000000de   Code   RO          682    .text.HAL_TIM_PWM_Start  stm32f1xx_hal_tim.o
    0x08002b3e   0x08002b3e   0x00000002   PAD
    0x08002b40   0x08002b40   0x00000022   Code   RO         1194    .text.HAL_TIM_PeriodElapsedCallback  tim_it.o
    0x08002b62   0x08002b62   0x00000002   PAD
    0x08002b64   0x08002b64   0x00000002   Code   RO          764    .text.HAL_TIM_TriggerCallback  stm32f1xx_hal_tim.o
    0x08002b66   0x08002b66   0x00000002   PAD
    0x08002b68   0x08002b68   0x000000e2   Code   RO          939    .text.HAL_UART_Init  stm32f1xx_hal_uart.o
    0x08002c4a   0x08002c4a   0x00000002   PAD
    0x08002c4c   0x08002c4c   0x0000007a   Code   RO           84    .text.HAL_UART_MspInit  usart.o
    0x08002cc6   0x08002cc6   0x00000002   PAD
    0x08002cc8   0x08002cc8   0x00000192   Code   RO          953    .text.HAL_UART_Transmit  stm32f1xx_hal_uart.o
    0x08002e5a   0x08002e5a   0x00000002   PAD
    0x08002e5c   0x08002e5c   0x00000002   Code   RO           99    .text.HardFault_Handler  stm32f1xx_it.o
    0x08002e5e   0x08002e5e   0x00000002   PAD
    0x08002e60   0x08002e60   0x00000112   Code   RO          199    .text.I2C_RequestMemoryRead  stm32f1xx_hal_i2c.o
    0x08002f72   0x08002f72   0x00000002   PAD
    0x08002f74   0x08002f74   0x000000c8   Code   RO          195    .text.I2C_RequestMemoryWrite  stm32f1xx_hal_i2c.o
    0x0800303c   0x0800303c   0x000000ba   Code   RO          163    .text.I2C_WaitOnBTFFlagUntilTimeout  stm32f1xx_hal_i2c.o
    0x080030f6   0x080030f6   0x00000002   PAD
    0x080030f8   0x080030f8   0x000001ca   Code   RO          159    .text.I2C_WaitOnFlagUntilTimeout  stm32f1xx_hal_i2c.o
    0x080032c2   0x080032c2   0x00000002   PAD
    0x080032c4   0x080032c4   0x000000d6   Code   RO          277    .text.I2C_WaitOnMasterAddressFlagUntilTimeout  stm32f1xx_hal_i2c.o
    0x0800339a   0x0800339a   0x00000002   PAD
    0x0800339c   0x0800339c   0x00000090   Code   RO          167    .text.I2C_WaitOnRXNEFlagUntilTimeout  stm32f1xx_hal_i2c.o
    0x0800342c   0x0800342c   0x000000ba   Code   RO          161    .text.I2C_WaitOnTXEFlagUntilTimeout  stm32f1xx_hal_i2c.o
    0x080034e6   0x080034e6   0x00000002   PAD
    0x080034e8   0x080034e8   0x00000092   Code   RO           26    .text.MX_GPIO_Init  gpio.o
    0x0800357a   0x0800357a   0x00000002   PAD
    0x0800357c   0x0800357c   0x00000042   Code   RO           34    .text.MX_I2C2_Init  i2c.o
    0x080035be   0x080035be   0x00000002   PAD
    0x080035c0   0x080035c0   0x00000068   Code   RO           49    .text.MX_TIM3_Init  tim.o
    0x08003628   0x08003628   0x00000068   Code   RO           51    .text.MX_TIM4_Init  tim.o
    0x08003690   0x08003690   0x00000050   Code   RO           53    .text.MX_TIM6_Init  tim.o
    0x080036e0   0x080036e0   0x00000050   Code   RO           55    .text.MX_TIM7_Init  tim.o
    0x08003730   0x08003730   0x0000018c   Code   RO           57    .text.MX_TIM8_Init  tim.o
    0x080038bc   0x080038bc   0x0000003c   Code   RO           82    .text.MX_USART2_UART_Init  usart.o
    0x080038f8   0x080038f8   0x00000032   Code   RO         1297    .text.Mask_EXTIcallback  mask.o
    0x0800392a   0x0800392a   0x00000002   PAD
    0x0800392c   0x0800392c   0x000003c4   Code   RO         1295    .text.Mask_start    mask.o
    0x08003cf0   0x08003cf0   0x00000002   Code   RO          101    .text.MemManage_Handler  stm32f1xx_it.o
    0x08003cf2   0x08003cf2   0x00000002   PAD
    0x08003cf4   0x08003cf4   0x0000002c   Code   RO         1256    .text.Mpu_clearinterrupt  mpu6050.o
    0x08003d20   0x08003d20   0x00000084   Code   RO         1260    .text.Mpu_convert_raw_to_data  mpu6050.o
    0x08003da4   0x08003da4   0x00000054   Code   RO         1250    .text.Mpu_creat     mpu6050.o
    0x08003df8   0x08003df8   0x000003fe   Code   RO         1262    .text.Mpu_getKalmandata  mpu6050.o
    0x080041f6   0x080041f6   0x00000002   PAD
    0x080041f8   0x080041f8   0x000000f8   Code   RO         1254    .text.Mpu_init      mpu6050.o
    0x080042f0   0x080042f0   0x00000002   Code   RO           97    .text.NMI_Handler   stm32f1xx_it.o
    0x080042f2   0x080042f2   0x00000002   PAD
    0x080042f4   0x080042f4   0x00000002   Code   RO          111    .text.PendSV_Handler  stm32f1xx_it.o
    0x080042f6   0x080042f6   0x00000002   PAD
    0x080042f8   0x080042f8   0x00000002   Code   RO          107    .text.SVC_Handler   stm32f1xx_it.o
    0x080042fa   0x080042fa   0x00000002   PAD
    0x080042fc   0x080042fc   0x00000004   Code   RO          113    .text.SysTick_Handler  stm32f1xx_it.o
    0x08004300   0x08004300   0x00000002   Code   RO         1059    .text.SystemInit    system_stm32f1xx.o
    0x08004302   0x08004302   0x00000002   PAD
    0x08004304   0x08004304   0x0000000c   Code   RO          117    .text.TIM7_IRQHandler  stm32f1xx_it.o
    0x08004310   0x08004310   0x000000e0   Code   RO          624    .text.TIM_Base_SetConfig  stm32f1xx_hal_tim.o
    0x080043f0   0x080043f0   0x00000002   Code   RO          105    .text.UsageFault_Handler  stm32f1xx_it.o
    0x080043f2   0x080043f2   0x00000002   PAD
    0x080043f4   0x080043f4   0x00000066   Code   RO         1227    .text.delay_ms      my_delay.o
    0x0800445a   0x0800445a   0x00000002   PAD
    0x0800445c   0x0800445c   0x0000000c   Code   RO         1148    .text.encoder_getcounter  encoder.o
    0x08004468   0x08004468   0x00000006   Code   RO         1146    .text.encoder_init  encoder.o
    0x0800446e   0x0800446e   0x00000002   PAD
    0x08004470   0x08004470   0x00000012   Code   RO         1237    .text.exti_register_callback  gpio_it.o
    0x08004482   0x08004482   0x00000002   PAD
    0x08004484   0x08004484   0x00000020   Code   RO         1211    .text.iic_mem_read8Bit  iic.o
    0x080044a4   0x080044a4   0x00000020   Code   RO         1209    .text.iic_mem_write8Bit  iic.o
    0x080044c4   0x080044c4   0x00000086   Code   RO           11    .text.main          main.o
    0x0800454a   0x0800454a   0x00000002   PAD
    0x0800454c   0x0800454c   0x0000001a   Code   RO         1285    .text.mpu_iicgetdata  mpu6050_iic.o
    0x08004566   0x08004566   0x00000002   PAD
    0x08004568   0x08004568   0x0000001a   Code   RO         1283    .text.mpu_iicsend   mpu6050_iic.o
    0x08004582   0x08004582   0x00000002   PAD
    0x08004584   0x08004584   0x00000014   Code   RO         1136    .text.pidmemory_clear  pid.o
    0x08004598   0x08004598   0x0000012e   Code   RO         1132    .text.positionPid_Cal  pid.o
    0x080046c6   0x080046c6   0x00000002   PAD
    0x080046c8   0x080046c8   0x000000fe   Code   RO         1130    .text.position_divAPI_PID_Cal  pid.o
    0x080047c6   0x080047c6   0x00000002   PAD
    0x080047c8   0x080047c8   0x00000004   Code   RO         1158    .text.pwm_init      pwm.o
    0x080047cc   0x080047cc   0x00000022   Code   RO         1160    .text.pwm_set       pwm.o
    0x080047ee   0x080047ee   0x00000002   PAD
    0x080047f0   0x080047f0   0x00000044   Code   RO         1170    .text.usart_printf  serial.o
    0x08004834   0x08004834   0x00000040   Code   RO         1128    .text.xianfu        pid.o
    0x08004874   0x08004874   0x00000024   Code   RO         1366    i.__0vsprintf       mc_w.l(printfa.o)
    0x08004898   0x08004898   0x00000028   Code   RO         1439    i.__ARM_fpclassify  m_ws.l(fpclassify.o)
    0x080048c0   0x080048c0   0x000000aa   Code   RO         1441    i.__kernel_poly     m_ws.l(poly.o)
    0x0800496a   0x0800496a   0x00000006   Code   RO         1426    i.__mathlib_dbl_infnan  m_ws.l(dunder.o)
    0x08004970   0x08004970   0x00000004   Code   RO         1427    i.__mathlib_dbl_infnan2  m_ws.l(dunder.o)
    0x08004974   0x08004974   0x00000010   Code   RO         1431    i.__mathlib_dbl_underflow  m_ws.l(dunder.o)
    0x08004984   0x08004984   0x0000000e   Code   RO         1510    i.__scatterload_copy  mc_w.l(handlers.o)
    0x08004992   0x08004992   0x00000002   Code   RO         1511    i.__scatterload_null  mc_w.l(handlers.o)
    0x08004994   0x08004994   0x0000000e   Code   RO         1512    i.__scatterload_zeroinit  mc_w.l(handlers.o)
    0x080049a2   0x080049a2   0x00000002   PAD
    0x080049a4   0x080049a4   0x0000000c   Code   RO         1484    i.__set_errno       mc_w.l(errno.o)
    0x080049b0   0x080049b0   0x00000184   Code   RO         1367    i._fp_digits        mc_w.l(printfa.o)
    0x08004b34   0x08004b34   0x000006dc   Code   RO         1368    i._printf_core      mc_w.l(printfa.o)
    0x08005210   0x08005210   0x00000024   Code   RO         1369    i._printf_post_padding  mc_w.l(printfa.o)
    0x08005234   0x08005234   0x0000002e   Code   RO         1370    i._printf_pre_padding  mc_w.l(printfa.o)
    0x08005262   0x08005262   0x0000000a   Code   RO         1372    i._sputc            mc_w.l(printfa.o)
    0x0800526c   0x0800526c   0x00000220   Code   RO         1338    i.atan              m_ws.l(atan.o)
    0x0800548c   0x0800548c   0x0000019c   Code   RO         1343    i.atan2             m_ws.l(atan2.o)
    0x08005628   0x08005628   0x0000004c   Code   RO         1347    i.sqrt              m_ws.l(sqrt.o)
    0x08005674   0x08005674   0x00000004   PAD
    0x08005678   0x08005678   0x00000098   Data   RO         1339    .constdata          m_ws.l(atan.o)
    0x08005710   0x08005710   0x00000008   Data   RO         1443    .constdata          m_ws.l(qnan.o)
    0x08005718   0x08005718   0x00000010   Data   RO         1064    .rodata.AHBPrescTable  system_stm32f1xx.o
    0x08005728   0x08005728   0x00000008   Data   RO         1065    .rodata.APBPrescTable  system_stm32f1xx.o
    0x08005730   0x08005730   0x00000002   Data   RO          376    .rodata.HAL_RCC_GetSysClockFreq.aPredivFactorTable  stm32f1xx_hal_rcc.o
    0x08005732   0x08005732   0x00000010   Data   RO          375    .rodata.cst16       stm32f1xx_hal_rcc.o
    0x08005742   0x08005742   0x00000002   PAD
    0x08005744   0x08005744   0x00000020   Data   RO         1509    Region$$Table       anon$$obj.o


    Execution Region RW_IRAM1 (Exec base: 0x20000000, Load base: 0x08005768, Size: 0x00000a08, Max: 0x0000c000, ABSOLUTE, COMPRESSED[0x00000068])

    Exec Addr    Load Addr    Size         Type   Attr      Idx    E Section Name        Object

    0x20000000   COMPRESSED   0x00000004   Data   RW         1485    .data               mc_w.l(errno.o)
    0x20000004   COMPRESSED   0x00000008   Data   RW          338    .data..L_MergedGlobals  stm32f1xx_hal.o
    0x2000000c   COMPRESSED   0x00000024   Data   RW         1264    .data.KalmanX       mpu6050.o
    0x20000030   COMPRESSED   0x00000024   Data   RW         1265    .data.KalmanY       mpu6050.o
    0x20000054   COMPRESSED   0x00000004   Data   RW         1063    .data.SystemCoreClock  system_stm32f1xx.o
    0x20000058   COMPRESSED   0x0000001c   Data   RW         1097    .data.leftdriver    driver_config.o
    0x20000074   COMPRESSED   0x00000010   Data   RW         1277    .data.mpu_config    mpu6050_config.o
    0x20000084   COMPRESSED   0x00000004   PAD
    0x20000088   COMPRESSED   0x00000048   Data   RW         1326    .data.pidbalance    car.o
    0x200000d0   COMPRESSED   0x00000048   Data   RW         1328    .data.pidspeed      car.o
    0x20000118   COMPRESSED   0x0000001c   Data   RW         1098    .data.rightdriver   driver_config.o
    0x20000134   COMPRESSED   0x00000004   PAD
    0x20000138        -       0x0000000c   Zero   RW         1329    .bss..L_MergedGlobals  car.o
    0x20000144        -       0x00000004   Zero   RW         1241    .bss.EXTI12_Callback  gpio_it.o
    0x20000148        -       0x00000004   Zero   RW         1196    .bss.TIM7_Callback  tim_it.o
    0x2000014c   COMPRESSED   0x00000004   PAD
    0x20000150        -       0x00000210   Zero   RW         1300    .bss.car            mask.o
    0x20000360        -       0x00000054   Zero   RW           40    .bss.hi2c2          i2c.o
    0x200003b4        -       0x00000048   Zero   RW           69    .bss.htim3          tim.o
    0x200003fc        -       0x00000048   Zero   RW           70    .bss.htim4          tim.o
    0x20000444        -       0x00000048   Zero   RW           71    .bss.htim6          tim.o
    0x2000048c        -       0x00000048   Zero   RW           72    .bss.htim7          tim.o
    0x200004d4        -       0x00000048   Zero   RW           73    .bss.htim8          tim.o
    0x2000051c        -       0x00000048   Zero   RW           88    .bss.huart2         usart.o
    0x20000564   COMPRESSED   0x00000004   PAD
    0x20000568        -       0x00000048   Zero   RW         1324    .bss.pidL           car.o
    0x200005b0        -       0x00000048   Zero   RW         1325    .bss.pidR           car.o
    0x200005f8        -       0x00000008   Zero   RW         1268    .bss.timer          mpu6050.o
    0x20000600        -       0x00000004   Zero   RW          337    .bss.uwTick         stm32f1xx_hal.o
    0x20000604   COMPRESSED   0x00000004   PAD
    0x20000608        -       0x00000400   Zero   RW            1    STACK               startup_stm32f103xe.o


==============================================================================

Image component sizes


      Code (inc. data)   RO Data    RW Data    ZI Data      Debug   Object Name

       462          0          0        144        156       9590   car.o
       226          0          0          0          0       6534   driver.o
         0          0          0         56          0       3583   driver_config.o
        26          0          0          0          0       4013   driver_encoder.o
       156          0          0          0          0       4673   driver_pwm.o
        18          0          0          0          0       3873   encoder.o
       146          0          0          0          0       2860   gpio.o
        44          0          0          0          4        958   gpio_it.o
       174          0          0          0         84       4510   i2c.o
        64          0          0          0          0       5287   iic.o
       144          0          0          0          0       2770   main.o
      1014         32          0          0        528       7321   mask.o
      1530         20          0         72          8       8054   mpu6050.o
         0          0          0         16          0       3368   mpu6050_config.o
        52          0          0          0          0       3927   mpu6050_iic.o
       102          0          0          0          0       4418   my_delay.o
       640          0          0          0          0       3383   pid.o
        38          0          0          0          0       3935   pwm.o
        68          0          0          0          0       4574   serial.o
        36          8        304          0       1024        804   startup_stm32f103xe.o
       148          0          0          8          4       6118   stm32f1xx_hal.o
       196          0          0          0          0       8772   stm32f1xx_hal_cortex.o
       508         22          0          0          0       4681   stm32f1xx_hal_gpio.o
      3212          0          0          0          0      45014   stm32f1xx_hal_i2c.o
        66          0          0          0          0       1237   stm32f1xx_hal_msp.o
      1542          0         18          0          0       7976   stm32f1xx_hal_rcc.o
      2534          6          0          0          0      56861   stm32f1xx_hal_tim.o
       230          0          0          0          0      21100   stm32f1xx_hal_tim_ex.o
       628          0          0          0          0      32648   stm32f1xx_hal_uart.o
        40          0          0          0          0       4511   stm32f1xx_it.o
         2          0         24          4          0       1626   system_stm32f1xx.o
      1092          0          0          0        360      10803   tim.o
        34          0          0          0          4       4119   tim_it.o
       182          0          0          0         72       4354   usart.o

    ----------------------------------------------------------------------
     15484         88        380        304       2260     298255   Object Totals
         0          0         32          0          0          0   (incl. Generated)
       130          0          2          4         16          0   (incl. Padding)

    ----------------------------------------------------------------------

      Code (inc. data)   RO Data    RW Data    ZI Data      Debug   Library Member Name

       544         70        152          0          0        124   atan.o
       412         38          0          0          0        144   atan2.o
        26          6          0          0          0        204   dunder.o
        40          0          0          0          0         68   fpclassify.o
       170          0          0          0          0         96   poly.o
         0          0          8          0          0          0   qnan.o
        76          0          0          0          0         84   sqrt.o
        58          0          0          0          0          0   __dczerorl.o
         0          0          0          0          0          0   entry.o
         0          0          0          0          0          0   entry10a.o
         0          0          0          0          0          0   entry11a.o
         8          4          0          0          0          0   entry2.o
         4          0          0          0          0          0   entry5.o
         0          0          0          0          0          0   entry7b.o
         0          0          0          0          0          0   entry8b.o
         8          4          0          0          0          0   entry9a.o
        12          6          0          4          0         68   errno.o
        30          0          0          0          0          0   handlers.o
        48         10          0          0          0         68   init.o
         0          0          0          0          0          0   iusefp.o
        30          0          0          0          0         68   llshl.o
        36          0          0          0          0         68   llsshr.o
        32          0          0          0          0         68   llushr.o
        36          0          0          0          0         68   memcpya.o
      2272         86          0          0          0        516   printfa.o
        14          0          0          0          0         68   strlen.o
        44          0          0          0          0         80   uidiv.o
        98          0          0          0          0         92   uldiv.o
        48          0          0          0          0         68   cdcmple.o
        48          0          0          0          0         68   cdrcmple.o
        56          0          0          0          0         88   d2f.o
       334          0          0          0          0        148   dadd.o
        54          0          0          0          0         80   dcmpgt.o
        54          0          0          0          0         80   dcmple.o
        54          0          0          0          0         80   dcmplt.o
       222          0          0          0          0        100   ddiv.o
       186          0          0          0          0        176   depilogue.o
        62          0          0          0          0         80   dfixi.o
        48          0          0          0          0         68   dfixul.o
        34          0          0          0          0         76   dflti.o
        26          0          0          0          0         76   dfltui.o
       228          0          0          0          0         96   dmul.o
        46          0          0          0          0         80   dscalb.o
       162          0          0          0          0        100   dsqrt.o
        38          0          0          0          0         68   f2d.o
       176          0          0          0          0        140   fadd.o
        28          0          0          0          0         68   fcmpge.o
        28          0          0          0          0         68   fcmpgt.o
        28          0          0          0          0         68   fcmple.o
        28          0          0          0          0         68   fcmplt.o
       124          0          0          0          0         88   fdiv.o
       110          0          0          0          0        168   fepilogue.o
        18          0          0          0          0         68   fflti.o
       100          0          0          0          0         76   fmul.o

    ----------------------------------------------------------------------
      6348        224        160          4          0       4228   Library Totals
        10          0          0          0          0          0   (incl. Padding)

    ----------------------------------------------------------------------

      Code (inc. data)   RO Data    RW Data    ZI Data      Debug   Library Name

      1268        114        160          0          0        720   m_ws.l
      2730        110          0          4          0       1164   mc_w.l
      2340          0          0          0          0       2344   mf_w.l

    ----------------------------------------------------------------------
      6348        224        160          4          0       4228   Library Totals

    ----------------------------------------------------------------------

==============================================================================


      Code (inc. data)   RO Data    RW Data    ZI Data      Debug   

     21832        312        540        308       2260     299723   Grand Totals
     21832        312        540        104       2260     299723   ELF Image Totals (compressed)
     21832        312        540        104          0          0   ROM Totals

==============================================================================

    Total RO  Size (Code + RO Data)                22372 (  21.85kB)
    Total RW  Size (RW Data + ZI Data)              2568 (   2.51kB)
    Total ROM Size (Code + RO Data + RW Data)      22476 (  21.95kB)

==============================================================================

